Component: Arm Compiler for Embedded 6.22 Tool: armlink [5ee90200]

==============================================================================

Section Cross References

    startup_stm32l073xx.o(STACK) refers (Special) to heapauxi.o(.text) for __use_two_region_memory
    startup_stm32l073xx.o(HEAP) refers (Special) to heapauxi.o(.text) for __use_two_region_memory
    startup_stm32l073xx.o(RESET) refers (Special) to heapauxi.o(.text) for __use_two_region_memory
    startup_stm32l073xx.o(RESET) refers to startup_stm32l073xx.o(STACK) for __initial_sp
    startup_stm32l073xx.o(RESET) refers to startup_stm32l073xx.o(.text) for Reset_Handler
    startup_stm32l073xx.o(RESET) refers to stm32l0xx_it.o(.text.NMI_Handler) for NMI_Handler
    startup_stm32l073xx.o(RESET) refers to stm32l0xx_it.o(.text.HardFault_Handler) for HardFault_Handler
    startup_stm32l073xx.o(RESET) refers to stm32l0xx_it.o(.text.SVC_Handler) for SVC_Handler
    startup_stm32l073xx.o(RESET) refers to stm32l0xx_it.o(.text.PendSV_Handler) for PendSV_Handler
    startup_stm32l073xx.o(RESET) refers to stm32l0xx_it.o(.text.SysTick_Handler) for SysTick_Handler
    startup_stm32l073xx.o(RESET) refers to stm32l0xx_it.o(.text.TIM2_IRQHandler) for TIM2_IRQHandler
    startup_stm32l073xx.o(RESET) refers to stm32l0xx_it.o(.text.TIM3_IRQHandler) for TIM3_IRQHandler
    startup_stm32l073xx.o(RESET) refers to stm32l0xx_it.o(.text.TIM7_IRQHandler) for TIM7_IRQHandler
    startup_stm32l073xx.o(RESET) refers to stm32l0xx_it.o(.text.USART1_IRQHandler) for USART1_IRQHandler
    startup_stm32l073xx.o(.text) refers (Special) to heapauxi.o(.text) for __use_two_region_memory
    startup_stm32l073xx.o(.text) refers to system_stm32l0xx.o(.text.SystemInit) for SystemInit
    startup_stm32l073xx.o(.text) refers to __main.o(!!!main) for __main
    startup_stm32l073xx.o(.text) refers to startup_stm32l073xx.o(HEAP) for Heap_Mem
    startup_stm32l073xx.o(.text) refers to startup_stm32l073xx.o(STACK) for Stack_Mem
    main.o(.text.sendTerm) refers to stm32l0xx_hal_uart.o(.text.HAL_UART_Transmit) for HAL_UART_Transmit
    main.o(.text.sendTerm) refers to main.o(.bss.huart1) for huart1
    main.o(.text.sendTerm) refers to main.o(.data.LF_pattern) for [Anonymous Symbol]
    main.o(.ARM.exidx.text.sendTerm) refers to main.o(.text.sendTerm) for [Anonymous Symbol]
    main.o(.text.HAL_UART_RxCpltCallback) refers to stm32l0xx_hal_uart.o(.text.HAL_UART_Receive_IT) for HAL_UART_Receive_IT
    main.o(.text.HAL_UART_RxCpltCallback) refers to stm32l0xx_hal_gpio.o(.text.HAL_GPIO_WritePin) for HAL_GPIO_WritePin
    main.o(.text.HAL_UART_RxCpltCallback) refers to stm32l0xx_hal_uart.o(.text.HAL_UART_Transmit) for HAL_UART_Transmit
    main.o(.text.HAL_UART_RxCpltCallback) refers to main.o(.text.sendTerm) for sendTerm
    main.o(.text.HAL_UART_RxCpltCallback) refers to main.o(.bss.huart1) for huart1
    main.o(.text.HAL_UART_RxCpltCallback) refers to main.o(.bss.rx_data) for rx_data
    main.o(.text.HAL_UART_RxCpltCallback) refers to main.o(.bss.uart_rx) for uart_rx
    main.o(.text.HAL_UART_RxCpltCallback) refers to main.o(.bss.diap) for diap
    main.o(.text.HAL_UART_RxCpltCallback) refers to main.o(.data.cmd_100_kOhm) for cmd_100_kOhm
    main.o(.text.HAL_UART_RxCpltCallback) refers to main.o(.data.cmd_20_kOhm) for cmd_20_kOhm
    main.o(.text.HAL_UART_RxCpltCallback) refers to main.o(.data.cmd_2_kOhm) for cmd_2_kOhm
    main.o(.text.HAL_UART_RxCpltCallback) refers to main.o(.data.cmd_200_Ohm) for cmd_200_Ohm
    main.o(.ARM.exidx.text.HAL_UART_RxCpltCallback) refers to main.o(.text.HAL_UART_RxCpltCallback) for [Anonymous Symbol]
    main.o(.text.HAL_TIM_PeriodElapsedCallback) refers to fflti.o(.text) for __aeabi_ui2f
    main.o(.text.HAL_TIM_PeriodElapsedCallback) refers to fdiv.o(.text) for __aeabi_fdiv
    main.o(.text.HAL_TIM_PeriodElapsedCallback) refers to faddsub.o(x$fpl$fadd) for __aeabi_fadd
    main.o(.text.HAL_TIM_PeriodElapsedCallback) refers to fmul.o(x$fpl$fmul) for __aeabi_fmul
    main.o(.text.HAL_TIM_PeriodElapsedCallback) refers to fcmp.o(i._fleq) for __aeabi_fcmple
    main.o(.text.HAL_TIM_PeriodElapsedCallback) refers to strcpy.o(.text) for strcpy
    main.o(.text.HAL_TIM_PeriodElapsedCallback) refers to rt_memcpy.o(.text) for __aeabi_memcpy
    main.o(.text.HAL_TIM_PeriodElapsedCallback) refers to roundf.o(i.roundf) for roundf
    main.o(.text.HAL_TIM_PeriodElapsedCallback) refers to f2d.o(.text) for __aeabi_f2d
    main.o(.text.HAL_TIM_PeriodElapsedCallback) refers to snprintf.o(.text) for snprintf
    main.o(.text.HAL_TIM_PeriodElapsedCallback) refers to sprintf.o(.text) for sprintf
    main.o(.text.HAL_TIM_PeriodElapsedCallback) refers to stm32l0xx_hal_uart.o(.text.HAL_UART_Transmit) for HAL_UART_Transmit
    main.o(.text.HAL_TIM_PeriodElapsedCallback) refers to rt_memclr.o(.text) for __aeabi_memclr
    main.o(.text.HAL_TIM_PeriodElapsedCallback) refers to main.o(.text.sendTerm) for sendTerm
[...]
    [Anonymous Symbol]                       0x08006148   Section        0  stm32l0xx_hal_uart.o(.text.UART_RxISR_16BIT)
    UART_RxISR_8BIT                          0x080062d9   Thumb Code   396  stm32l0xx_hal_uart.o(.text.UART_RxISR_8BIT)
    [Anonymous Symbol]                       0x080062d8   Section        0  stm32l0xx_hal_uart.o(.text.UART_RxISR_8BIT)
    __arm_cp.63_0                            0x08006464   Number         4  stm32l0xx_hal_uart.o(.text.UART_RxISR_8BIT)
    [Anonymous Symbol]                       0x08006468   Section        0  stm32l0xx_hal_uart.o(.text.UART_SetConfig)
    __arm_cp.3_16                            0x0800687c   Number         4  stm32l0xx_hal_uart.o(.text.UART_SetConfig)
    __arm_cp.3_17                            0x080068b4   Number         4  stm32l0xx_hal_uart.o(.text.UART_SetConfig)
    __arm_cp.3_0                             0x0800694c   Number         4  stm32l0xx_hal_uart.o(.text.UART_SetConfig)
    __arm_cp.3_3                             0x08006950   Number         4  stm32l0xx_hal_uart.o(.text.UART_SetConfig)
    __arm_cp.3_4                             0x08006954   Number         4  stm32l0xx_hal_uart.o(.text.UART_SetConfig)
    __arm_cp.3_5                             0x08006958   Number         4  stm32l0xx_hal_uart.o(.text.UART_SetConfig)
    __arm_cp.3_6                             0x0800695c   Number         4  stm32l0xx_hal_uart.o(.text.UART_SetConfig)
    __arm_cp.3_7                             0x08006960   Number         4  stm32l0xx_hal_uart.o(.text.UART_SetConfig)
    __arm_cp.3_8                             0x08006964   Number         4  stm32l0xx_hal_uart.o(.text.UART_SetConfig)
    __arm_cp.3_9                             0x08006968   Number         4  stm32l0xx_hal_uart.o(.text.UART_SetConfig)
    [Anonymous Symbol]                       0x0800696c   Section        0  stm32l0xx_hal_uart.o(.text.UART_Start_Receive_IT)
    __arm_cp.17_0                            0x08006b00   Number         4  stm32l0xx_hal_uart.o(.text.UART_Start_Receive_IT)
    __arm_cp.17_1                            0x08006b04   Number         4  stm32l0xx_hal_uart.o(.text.UART_Start_Receive_IT)
    __arm_cp.17_2                            0x08006b08   Number         4  stm32l0xx_hal_uart.o(.text.UART_Start_Receive_IT)
    [Anonymous Symbol]                       0x08006b0c   Section        0  stm32l0xx_hal_uart.o(.text.UART_WaitOnFlagUntilTimeout)
    [Anonymous Symbol]                       0x08006c14   Section        0  stm32l0xx_it.o(.text.USART1_IRQHandler)
    __NVIC_EnableIRQ                         0x08006c21   Thumb Code    40  stm32l0xx_hal_cortex.o(.text.__NVIC_EnableIRQ)
    [Anonymous Symbol]                       0x08006c20   Section        0  stm32l0xx_hal_cortex.o(.text.__NVIC_EnableIRQ)
    __arm_cp.3_0                             0x08006c48   Number         4  stm32l0xx_hal_cortex.o(.text.__NVIC_EnableIRQ)
    __NVIC_SetPriority                       0x08006c4d   Thumb Code   124  stm32l0xx_hal_cortex.o(.text.__NVIC_SetPriority)
    [Anonymous Symbol]                       0x08006c4c   Section        0  stm32l0xx_hal_cortex.o(.text.__NVIC_SetPriority)
    __arm_cp.1_0                             0x08006cc8   Number         4  stm32l0xx_hal_cortex.o(.text.__NVIC_SetPriority)
    __arm_cp.1_1                             0x08006ccc   Number         4  stm32l0xx_hal_cortex.o(.text.__NVIC_SetPriority)
    [Anonymous Symbol]                       0x08006cd0   Section        0  main.o(.text.main)
    __arm_cp.4_0                             0x08006d6c   Number         4  main.o(.text.main)
    __arm_cp.4_1                             0x08006d70   Number         4  main.o(.text.main)
    __arm_cp.4_2                             0x08006d74   Number         4  main.o(.text.main)
    __arm_cp.4_3                             0x08006d78   Number         4  main.o(.text.main)
    __arm_cp.4_4                             0x08006d7c   Number         4  main.o(.text.main)
    __arm_cp.4_5                             0x08006d80   Number         4  main.o(.text.main)
    [Anonymous Symbol]                       0x08006d84   Section        0  main.o(.text.sendTerm)
    __arm_cp.0_0                             0x08006d94   Number         4  main.o(.text.sendTerm)
    __arm_cp.0_1                             0x08006d98   Number         4  main.o(.text.sendTerm)
    i.__ARM_common_ll_muluu                  0x08006d9c   Section        0  btod.o(i.__ARM_common_ll_muluu)
    i.__ARM_fpclassify                       0x08006dcc   Section        0  fpclassify.o(i.__ARM_fpclassify)
    i._fleq                                  0x08006df8   Section        0  fcmp.o(i._fleq)
    i._is_digit                              0x08006e12   Section        0  __printf_wp.o(i._is_digit)
    i.roundf                                 0x08006e20   Section        0  roundf.o(i.roundf)
    locale$$code                             0x08006e94   Section       44  lc_numeric_c.o(locale$$code)
    locale$$code                             0x08006ec0   Section       44  lc_ctype_c.o(locale$$code)
    x$fpl$fadd                               0x08006eec   Section      140  faddsub.o(x$fpl$fadd)
    _fadd1                                   0x08006ef9   Thumb Code     0  faddsub.o(x$fpl$fadd)
    x$fpl$fleqf                              0x08006f78   Section       84  flef.o(x$fpl$fleqf)
    x$fpl$fmul                               0x08006fcc   Section      176  fmul.o(x$fpl$fmul)
    x$fpl$fsub                               0x0800707c   Section      208  faddsub.o(x$fpl$fsub)
    _fsub1                                   0x08007089   Thumb Code     0  faddsub.o(x$fpl$fsub)
    x$fpl$printf1                            0x0800714c   Section       16  printf1.o(x$fpl$printf1)
    x$fpl$printf2                            0x0800715c   Section       16  printf2.o(x$fpl$printf2)
    fdiv_tab                                 0x0800716c   Data          64  fdiv.o(.constdata)
    .constdata                               0x0800716c   Section       64  fdiv.o(.constdata)
    x$fpl$usenofp                            0x0800716c   Section        0  usenofp.o(x$fpl$usenofp)
    initial_mbstate                          0x080071ac   Data           8  _printf_wctomb.o(.constdata)
    .constdata                               0x080071ac   Section        8  _printf_wctomb.o(.constdata)
    uc_hextab                                0x080071b4   Data          20  _printf_hex_int_ll_ptr.o(.constdata)
    .constdata                               0x080071b4   Section       40  _printf_hex_int_ll_ptr.o(.constdata)
    lc_hextab                                0x080071c8   Data          20  _printf_hex_int_ll_ptr.o(.constdata)
    maptable                                 0x080071dc   Data          17  __printf_flags_ss_wp.o(.constdata)
    .constdata                               0x080071dc   Section       17  __printf_flags_ss_wp.o(.constdata)
    lc_hextab                                0x080071ed   Data          19  _printf_fp_hex.o(.constdata)
    .constdata                               0x080071ed   Section       38  _printf_fp_hex.o(.constdata)
    uc_hextab                                0x08007200   Data          19  _printf_fp_hex.o(.constdata)
    tenpwrs_x                                0x08007214   Data          60  bigflt0.o(.constdata)
    .constdata                               0x08007214   Section      148  bigflt0.o(.constdata)
    tenpwrs_i                                0x08007250   Data          64  bigflt0.o(.constdata)
    [Anonymous Symbol]                       0x080072c9   Section        0  main.o(.rodata.str1.1)
    locale$$data                             0x0800732c   Section       28  lc_numeric_c.o(locale$$data)
    __lcnum_c_name                           0x08007330   Data           2  lc_numeric_c.o(locale$$data)
    __lcnum_c_start                          0x08007338   Data           0  lc_numeric_c.o(locale$$data)
    __lcnum_c_point                          0x08007344   Data           0  lc_numeric_c.o(locale$$data)
    __lcnum_c_thousands                      0x08007346   Data           0  lc_numeric_c.o(locale$$data)
    __lcnum_c_grouping                       0x08007347   Data           0  lc_numeric_c.o(locale$$data)
    __lcnum_c_end                            0x08007348   Data           0  lc_numeric_c.o(locale$$data)
    locale$$data                             0x08007348   Section      272  lc_ctype_c.o(locale$$data)
    __lcctype_c_name                         0x0800734c   Data           2  lc_ctype_c.o(locale$$data)
    __lcctype_c_start                        0x08007354   Data           0  lc_ctype_c.o(locale$$data)
    __lcctype_c_end                          0x08007458   Data           0  lc_ctype_c.o(locale$$data)
    LF_pattern                               0x20000001   Data           3  main.o(.data.LF_pattern)
    [Anonymous Symbol]                       0x20000001   Section        0  main.o(.data.LF_pattern)
    .bss                                     0x20000078   Section       96  libspace.o(.bss)
    Heap_Mem                                 0x20000440   Data         512  startup_stm32l073xx.o(HEAP)
    HEAP                                     0x20000440   Section      512  startup_stm32l073xx.o(HEAP)
    Stack_Mem                                0x20000640   Data        1024  startup_stm32l073xx.o(STACK)
    STACK                                    0x20000640   Section     1024  startup_stm32l073xx.o(STACK)
    __initial_sp                             0x20000a40   Data           0  startup_stm32l073xx.o(STACK)

    Global Symbols

    Symbol Name                              Value     Ov Type        Size  Object(Section)

    BuildAttributes$$THM_ISAv3M$S$PE$A:L22$X:L11$S22$IEEE1$IW$~IW$USESV6$~STKCKD$USESV7$~SHL$OTIME$ROPI$IEEEJ$EBA8$UX$STANDARDLIB$REQ8$PRES8$EABIv2 0x00000000   Number         0  anon$$obj.o ABSOLUTE
    _printf_flags                            0x00000000   Number         0  printf_stubs.o ABSOLUTE
    _printf_return_value                     0x00000000   Number         0  printf_stubs.o ABSOLUTE
    _printf_sizespec                         0x00000000   Number         0  printf_stubs.o ABSOLUTE
    _printf_widthprec                        0x00000000   Number         0  printf_stubs.o ABSOLUTE
    __ARM_exceptions_init                     - Undefined Weak Reference
    __alloca_initialize                       - Undefined Weak Reference
    __arm_preinit_                            - Undefined Weak Reference
    __arm_relocate_pie_                       - Undefined Weak Reference
    __cpp_initialize__aeabi_                  - Undefined Weak Reference
    __cxa_finalize                            - Undefined Weak Reference
    __sigvec_lookup                           - Undefined Weak Reference
    _atexit_init                              - Undefined Weak Reference
    _call_atexit_fns                          - Undefined Weak Reference
    _clock_init                               - Undefined Weak Reference
    _fp_trap_init                             - Undefined Weak Reference
    _fp_trap_shutdown                         - Undefined Weak Reference
    _get_lc_collate                           - Undefined Weak Reference
    _get_lc_monetary                          - Undefined Weak Reference
    _get_lc_time                              - Undefined Weak Reference
    _getenv_init                              - Undefined Weak Reference
    _handle_redirection                       - Undefined Weak Reference
    _init_alloc                               - Undefined Weak Reference
    _init_user_alloc                          - Undefined Weak Reference
    _initio                                   - Undefined Weak Reference
    _printf_mbtowc                            - Undefined Weak Reference
    _printf_wc                                - Undefined Weak Reference
    _rand_init                                - Undefined Weak Reference
    _signal_finish                            - Undefined Weak Reference
    _signal_init                              - Undefined Weak Reference
    _terminate_alloc                          - Undefined Weak Reference
    _terminate_user_alloc                     - Undefined Weak Reference
    _terminateio                              - Undefined Weak Reference
    __Vectors_Size                           0x000000c0   Number         0  startup_stm32l073xx.o ABSOLUTE
    __Vectors                                0x08000000   Data           4  startup_stm32l073xx.o(RESET)
    __Vectors_End                            0x080000c0   Data           0  startup_stm32l073xx.o(RESET)
    __main                                   0x080000c1   Thumb Code     8  __main.o(!!!main)
    __scatterload                            0x080000c9   Thumb Code     0  __scatter.o(!!!scatter)
    __scatterload_rt2                        0x080000c9   Thumb Code    74  __scatter.o(!!!scatter)
    __scatterload_rt2_thumb_only             0x080000c9   Thumb Code     0  __scatter.o(!!!scatter)
    __scatterload_loop                       0x080000d3   Thumb Code     0  __scatter.o(!!!scatter)
    __scatterload_copy                       0x0800011d   Thumb Code    26  __scatter_copy.o(!!handler_copy)
    __scatterload_null                       0x08000139   Thumb Code     2  __scatter.o(!!handler_null)
    __scatterload_zeroinit                   0x0800013d   Thumb Code    28  __scatter_zi.o(!!handler_zi)
    _printf_percent                          0x08000159   Thumb Code     0  _printf_percent.o(.ARM.Collect$$_printf_percent$$00000000)
    _printf_n                                0x0800015b   Thumb Code     0  _printf_n.o(.ARM.Collect$$_printf_percent$$00000001)
    _printf_p                                0x08000165   Thumb Code     0  _printf_p.o(.ARM.Collect$$_printf_percent$$00000002)
    _printf_f                                0x0800016f   Thumb Code     0  _printf_f.o(.ARM.Collect$$_printf_percent$$00000003)
    _printf_e                                0x08000179   Thumb Code     0  _printf_e.o(.ARM.Collect$$_printf_percent$$00000004)
    _printf_g                                0x08000183   Thumb Code     0  _printf_g.o(.ARM.Collect$$_printf_percent$$00000005)
    _printf_a                                0x0800018d   Thumb Code     0  _printf_a.o(.ARM.Collect$$_printf_percent$$00000006)
    _printf_ll                               0x08000197   Thumb Code     0  _printf_ll.o(.ARM.Collect$$_printf_percent$$00000007)
    _printf_i                                0x080001a1   Thumb Code     0  _printf_i.o(.ARM.Collect$$_printf_percent$$00000008)
    _printf_d                                0x080001ab   Thumb Code     0  _printf_d.o(.ARM.Collect$$_printf_percent$$00000009)
    _printf_u                                0x080001b5   Thumb Code     0  _printf_u.o(.ARM.Collect$$_printf_percent$$0000000A)
    _printf_o                                0x080001bf   Thumb Code     0  _printf_o.o(.ARM.Collect$$_printf_percent$$0000000B)
    _printf_x                                0x080001c9   Thumb Code     0  _printf_x.o(.ARM.Collect$$_printf_percent$$0000000C)
    _printf_lli                              0x080001d3   Thumb Code     0  _printf_lli.o(.ARM.Collect$$_printf_percent$$0000000D)
    _printf_lld                              0x080001dd   Thumb Code     0  _printf_lld.o(.ARM.Collect$$_printf_percent$$0000000E)
    _printf_llu                              0x080001e7   Thumb Code     0  _printf_llu.o(.ARM.Collect$$_printf_percent$$0000000F)
    _printf_llo                              0x080001f1   Thumb Code     0  _printf_llo.o(.ARM.Collect$$_printf_percent$$00000010)
    _printf_llx                              0x080001fb   Thumb Code     0  _printf_llx.o(.ARM.Collect$$_printf_percent$$00000011)
    _printf_l                                0x08000205   Thumb Code     0  _printf_l.o(.ARM.Collect$$_printf_percent$$00000012)
    _printf_c                                0x0800020f   Thumb Code     0  _printf_c.o(.ARM.Collect$$_printf_percent$$00000013)
    _printf_s                                0x08000219   Thumb Code     0  _printf_s.o(.ARM.Collect$$_printf_percent$$00000014)
    _printf_lc                               0x08000223   Thumb Code     0  _printf_lc.o(.ARM.Collect$$_printf_percent$$00000015)
    _printf_ls                               0x0800022d   Thumb Code     0  _printf_ls.o(.ARM.Collect$$_printf_percent$$00000016)
    _printf_percent_end                      0x08000237   Thumb Code     0  _printf_percent_end.o(.ARM.Collect$$_printf_percent$$00000017)
    __rt_lib_init                            0x0800023b   Thumb Code     0  libinit.o(.ARM.Collect$$libinit$$00000000)
    __rt_lib_init_fp_1                       0x0800023d   Thumb Code     0  libinit2.o(.ARM.Collect$$libinit$$00000002)
    __rt_lib_init_heap_1                     0x0800023d   Thumb Code     0  libinit2.o(.ARM.Collect$$libinit$$0000000C)
    __rt_lib_init_lc_common                  0x0800023d   Thumb Code     0  libinit2.o(.ARM.Collect$$libinit$$00000011)
    __rt_lib_init_preinit_1                  0x0800023d   Thumb Code     0  libinit2.o(.ARM.Collect$$libinit$$00000006)
    __rt_lib_init_rand_1                     0x0800023d   Thumb Code     0  libinit2.o(.ARM.Collect$$libinit$$00000010)
    __rt_lib_init_relocate_pie_1             0x0800023d   Thumb Code     0  libinit2.o(.ARM.Collect$$libinit$$00000004)
    __rt_lib_init_user_alloc_1               0x0800023d   Thumb Code     0  libinit2.o(.ARM.Collect$$libinit$$0000000E)
    __rt_lib_init_lc_collate_1               0x08000243   Thumb Code     0  libinit2.o(.ARM.Collect$$libinit$$00000013)
    __rt_lib_init_lc_ctype_2                 0x08000243   Thumb Code     0  libinit2.o(.ARM.Collect$$libinit$$00000014)
    __rt_lib_init_lc_ctype_1                 0x0800024f   Thumb Code     0  libinit2.o(.ARM.Collect$$libinit$$00000015)
    __rt_lib_init_lc_monetary_1              0x0800024f   Thumb Code     0  libinit2.o(.ARM.Collect$$libinit$$00000017)
    __rt_lib_init_lc_numeric_2               0x0800024f   Thumb Code     0  libinit2.o(.ARM.Collect$$libinit$$00000018)
    __rt_lib_init_alloca_1                   0x08000259   Thumb Code     0  libinit2.o(.ARM.Collect$$libinit$$00000030)
    __rt_lib_init_argv_1                     0x08000259   Thumb Code     0  libinit2.o(.ARM.Collect$$libinit$$0000002E)
    __rt_lib_init_atexit_1                   0x08000259   Thumb Code     0  libinit2.o(.ARM.Collect$$libinit$$0000001D)
    __rt_lib_init_clock_1                    0x08000259   Thumb Code     0  libinit2.o(.ARM.Collect$$libinit$$00000023)
    __rt_lib_init_cpp_1                      0x08000259   Thumb Code     0  libinit2.o(.ARM.Collect$$libinit$$00000034)
    __rt_lib_init_exceptions_1               0x08000259   Thumb Code     0  libinit2.o(.ARM.Collect$$libinit$$00000032)
    __rt_lib_init_fp_trap_1                  0x08000259   Thumb Code     0  libinit2.o(.ARM.Collect$$libinit$$00000021)
    __rt_lib_init_getenv_1                   0x08000259   Thumb Code     0  libinit2.o(.ARM.Collect$$libinit$$00000025)
    __rt_lib_init_lc_numeric_1               0x08000259   Thumb Code     0  libinit2.o(.ARM.Collect$$libinit$$00000019)
    __rt_lib_init_lc_time_1                  0x08000259   Thumb Code     0  libinit2.o(.ARM.Collect$$libinit$$0000001B)
    __rt_lib_init_return                     0x08000259   Thumb Code     0  libinit2.o(.ARM.Collect$$libinit$$00000035)
    __rt_lib_init_signal_1                   0x08000259   Thumb Code     0  libinit2.o(.ARM.Collect$$libinit$$0000001F)
    __rt_lib_init_stdio_1                    0x08000259   Thumb Code     0  libinit2.o(.ARM.Collect$$libinit$$00000027)
    __rt_lib_shutdown                        0x0800025b   Thumb Code     0  libshutdown.o(.ARM.Collect$$libshutdown$$00000000)
    __rt_lib_shutdown_cpp_1                  0x0800025d   Thumb Code     0  libshutdown2.o(.ARM.Collect$$libshutdown$$00000002)
    __rt_lib_shutdown_fp_trap_1              0x0800025d   Thumb Code     0  libshutdown2.o(.ARM.Collect$$libshutdown$$00000007)
    __rt_lib_shutdown_heap_1                 0x0800025d   Thumb Code     0  libshutdown2.o(.ARM.Collect$$libshutdown$$0000000F)
    __rt_lib_shutdown_return                 0x0800025d   Thumb Code     0  libshutdown2.o(.ARM.Collect$$libshutdown$$00000010)
    __rt_lib_shutdown_signal_1               0x0800025d   Thumb Code     0  libshutdown2.o(.ARM.Collect$$libshutdown$$0000000A)
    __rt_lib_shutdown_stdio_1                0x0800025d   Thumb Code     0  libshutdown2.o(.ARM.Collect$$libshutdown$$00000004)
    __rt_lib_shutdown_user_alloc_1           0x0800025d   Thumb Code     0  libshutdown2.o(.ARM.Collect$$libshutdown$$0000000C)
    __rt_entry                               0x0800025f   Thumb Code     0  __rtentry.o(.ARM.Collect$$rtentry$$00000000)
    __rt_entry_presh_1                       0x0800025f   Thumb Code     0  __rtentry2.o(.ARM.Collect$$rtentry$$00000002)
    __rt_entry_sh                            0x0800025f   Thumb Code     0  __rtentry4.o(.ARM.Collect$$rtentry$$00000004)
    __rt_entry_li                            0x08000265   Thumb Code     0  __rtentry2.o(.ARM.Collect$$rtentry$$0000000A)
    __rt_entry_postsh_1                      0x08000265   Thumb Code     0  __rtentry2.o(.ARM.Collect$$rtentry$$00000009)
    __rt_entry_main                          0x08000269   Thumb Code     0  __rtentry2.o(.ARM.Collect$$rtentry$$0000000D)
    __rt_entry_postli_1                      0x08000269   Thumb Code     0  __rtentry2.o(.ARM.Collect$$rtentry$$0000000C)
    __rt_exit                                0x08000271   Thumb Code     0  rtexit.o(.ARM.Collect$$rtexit$$00000000)
    __rt_exit_ls                             0x08000273   Thumb Code     0  rtexit2.o(.ARM.Collect$$rtexit$$00000003)
    __rt_exit_prels_1                        0x08000273   Thumb Code     0  rtexit2.o(.ARM.Collect$$rtexit$$00000002)
    __rt_exit_exit                           0x08000277   Thumb Code     0  rtexit2.o(.ARM.Collect$$rtexit$$00000004)
    __aeabi_memcpy4                          0x0800027d   Thumb Code    56  rt_memcpy.o(.emb_text)
    __aeabi_memcpy8                          0x0800027d   Thumb Code     0  rt_memcpy.o(.emb_text)
    Reset_Handler                            0x080002b5   Thumb Code     8  startup_stm32l073xx.o(.text)
    ADC1_COMP_IRQHandler                     0x080002c7   Thumb Code     0  startup_stm32l073xx.o(.text)
    DMA1_Channel1_IRQHandler                 0x080002c7   Thumb Code     0  startup_stm32l073xx.o(.text)
    DMA1_Channel2_3_IRQHandler               0x080002c7   Thumb Code     0  startup_stm32l073xx.o(.text)
    DMA1_Channel4_5_6_7_IRQHandler           0x080002c7   Thumb Code     0  startup_stm32l073xx.o(.text)
    EXTI0_1_IRQHandler                       0x080002c7   Thumb Code     0  startup_stm32l073xx.o(.text)
    EXTI2_3_IRQHandler                       0x080002c7   Thumb Code     0  startup_stm32l073xx.o(.text)
    EXTI4_15_IRQHandler                      0x080002c7   Thumb Code     0  startup_stm32l073xx.o(.text)
    FLASH_IRQHandler                         0x080002c7   Thumb Code     0  startup_stm32l073xx.o(.text)
    I2C1_IRQHandler                          0x080002c7   Thumb Code     0  startup_stm32l073xx.o(.text)
    I2C2_IRQHandler                          0x080002c7   Thumb Code     0  startup_stm32l073xx.o(.text)
    I2C3_IRQHandler                          0x080002c7   Thumb Code     0  startup_stm32l073xx.o(.text)
    LCD_IRQHandler                           0x080002c7   Thumb Code     0  startup_stm32l073xx.o(.text)
    LPTIM1_IRQHandler                        0x080002c7   Thumb Code     0  startup_stm32l073xx.o(.text)
    PVD_IRQHandler                           0x080002c7   Thumb Code     0  startup_stm32l073xx.o(.text)
    RCC_CRS_IRQHandler                       0x080002c7   Thumb Code     0  startup_stm32l073xx.o(.text)
    RNG_LPUART1_IRQHandler                   0x080002c7   Thumb Code     0  startup_stm32l073xx.o(.text)
    RTC_IRQHandler                           0x080002c7   Thumb Code     0  startup_stm32l073xx.o(.text)
    SPI1_IRQHandler                          0x080002c7   Thumb Code     0  startup_stm32l073xx.o(.text)
    SPI2_IRQHandler                          0x080002c7   Thumb Code     0  startup_stm32l073xx.o(.text)
    TIM21_IRQHandler                         0x080002c7   Thumb Code     0  startup_stm32l073xx.o(.text)
    TIM22_IRQHandler                         0x080002c7   Thumb Code     0  startup_stm32l073xx.o(.text)
    TIM6_DAC_IRQHandler                      0x080002c7   Thumb Code     0  startup_stm32l073xx.o(.text)
    TSC_IRQHandler                           0x080002c7   Thumb Code     0  startup_stm32l073xx.o(.text)
    USART2_IRQHandler                        0x080002c7   Thumb Code     0  startup_stm32l073xx.o(.text)
    USART4_5_IRQHandler                      0x080002c7   Thumb Code     0  startup_stm32l073xx.o(.text)
    USB_IRQHandler                           0x080002c7   Thumb Code     0  startup_stm32l073xx.o(.text)
    WWDG_IRQHandler                          0x080002c7   Thumb Code     0  startup_stm32l073xx.o(.text)
    __user_initial_stackheap                 0x080002c9   Thumb Code     0  startup_stm32l073xx.o(.text)
    __aeabi_uldivmod                         0x080002ed   Thumb Code   272  lludiv.o(.text)
    _ll_udiv                                 0x080002ed   Thumb Code     0  lludiv.o(.text)
    sprintf                                  0x080003fd   Thumb Code    40  sprintf.o(.text)
    snprintf                                 0x08000429   Thumb Code    60  snprintf.o(.text)
    strcpy                                   0x08000469   Thumb Code    70  strcpy.o(.text)
    __aeabi_memcpy                           0x080004b5   Thumb Code   130  rt_memcpy.o(.text)
    __rt_memcpy                              0x080004b5   Thumb Code     0  rt_memcpy.o(.text)
    _memset_w                                0x08000537   Thumb Code    26  rt_memclr.o(.text)
    _memset                                  0x08000551   Thumb Code    30  rt_memclr.o(.text)
    __aeabi_memclr                           0x0800056f   Thumb Code     4  rt_memclr.o(.text)
    __rt_memclr                              0x0800056f   Thumb Code     0  rt_memclr.o(.text)
    __aeabi_memclr4                          0x08000573   Thumb Code     0  rt_memclr.o(.text)
    __aeabi_memclr8                          0x08000573   Thumb Code     0  rt_memclr.o(.text)
    __rt_memclr_w                            0x08000573   Thumb Code     4  rt_memclr.o(.text)
    __aeabi_uidiv                            0x08000579   Thumb Code     0  aeabi_sdiv.o(.text)
    __aeabi_uidivmod                         0x08000579   Thumb Code    20  aeabi_sdiv.o(.text)
    __aeabi_idiv                             0x0800058d   Thumb Code     0  aeabi_sdiv.o(.text)
    __aeabi_idivmod                          0x0800058d   Thumb Code   338  aeabi_sdiv.o(.text)
    __use_two_region_memory                  0x080006e5   Thumb Code     2  heapauxi.o(.text)
    __rt_heap_escrow$2region                 0x080006e7   Thumb Code     2  heapauxi.o(.text)
    __rt_heap_expand$2region                 0x080006e9   Thumb Code     2  heapauxi.o(.text)
    __aeabi_f2d                              0x080006ed   Thumb Code     0  f2d.o(.text)
    __extendsfdf2                            0x080006ed   Thumb Code     0  f2d.o(.text)
    _f2d                                     0x080006ed   Thumb Code    80  f2d.o(.text)
    __aeabi_fdiv                             0x08000741   Thumb Code     0  fdiv.o(.text)
    __divsf3                                 0x08000741   Thumb Code     0  fdiv.o(.text)
    _fdiv                                    0x08000741   Thumb Code   334  fdiv.o(.text)
    _frdiv                                   0x0800088f   Thumb Code     8  fdiv.o(.text)
    __aeabi_i2f_normalise                    0x080008a1   Thumb Code    72  fflti.o(.text)
    __aeabi_i2f                              0x080008e9   Thumb Code    16  fflti.o(.text)
    _fflt                                    0x080008e9   Thumb Code     0  fflti.o(.text)
    __aeabi_ui2f                             0x080008f9   Thumb Code     6  fflti.o(.text)
    _ffltu                                   0x080008f9   Thumb Code     0  fflti.o(.text)
    _printf_pre_padding                      0x080008ff   Thumb Code    44  _printf_pad.o(.text)
    _printf_post_padding                     0x0800092b   Thumb Code    34  _printf_pad.o(.text)
    _printf_truncate_signed                  0x0800094d   Thumb Code    18  _printf_truncate.o(.text)
    _printf_truncate_unsigned                0x0800095f   Thumb Code    18  _printf_truncate.o(.text)
    _printf_str                              0x08000971   Thumb Code    82  _printf_str.o(.text)
    _printf_int_dec                          0x080009c5   Thumb Code    90  _printf_dec.o(.text)
    _printf_charcount                        0x08000a31   Thumb Code    38  _printf_charcount.o(.text)
    _printf_char_common                      0x08000a63   Thumb Code    32  _printf_char_common.o(.text)
    _sputc                                   0x08000a89   Thumb Code    10  _sputc.o(.text)
    _snputc                                  0x08000a93   Thumb Code    16  _snputc.o(.text)
    _printf_wctomb                           0x08000aa5   Thumb Code   182  _printf_wctomb.o(.text)
    _printf_longlong_dec                     0x08000b61   Thumb Code    94  _printf_longlong_dec.o(.text)
    _printf_longlong_oct                     0x08000bd1   Thumb Code    68  _printf_oct_int_ll.o(.text)
    _printf_int_oct                          0x08000c15   Thumb Code    24  _printf_oct_int_ll.o(.text)
    _printf_ll_oct                           0x08000c2d   Thumb Code    10  _printf_oct_int_ll.o(.text)
    _printf_longlong_hex                     0x08000c41   Thumb Code    88  _printf_hex_int_ll_ptr.o(.text)
    _printf_int_hex                          0x08000c99   Thumb Code    28  _printf_hex_int_ll_ptr.o(.text)
    _printf_ll_hex                           0x08000cb5   Thumb Code    10  _printf_hex_int_ll_ptr.o(.text)
    _printf_hex_ptr                          0x08000cbf   Thumb Code    22  _printf_hex_int_ll_ptr.o(.text)
    __printf                                 0x08000cd9   Thumb Code   386  __printf_flags_ss_wp.o(.text)
    _frnd                                    0x08000e61   Thumb Code   122  frnd.o(.text)
    _ll_udiv10                               0x08000ee1   Thumb Code   122  lludiv10.o(.text)
    _printf_int_common                       0x08000f5b   Thumb Code   176  _printf_intcommon.o(.text)
    _printf_fp_dec_real                      0x080011a9   Thumb Code   620  _printf_fp_dec.o(.text)
    _printf_fp_hex_real                      0x08001421   Thumb Code   718  _printf_fp_hex.o(.text)
    _printf_cs_common                        0x080016f9   Thumb Code    22  _printf_char.o(.text)
    _printf_char                             0x0800170f   Thumb Code    16  _printf_char.o(.text)
    _printf_string                           0x0800171f   Thumb Code     8  _printf_char.o(.text)
    _printf_lcs_common                       0x08001727   Thumb Code    22  _printf_wchar.o(.text)
    _printf_wchar                            0x0800173d   Thumb Code    16  _printf_wchar.o(.text)
    _printf_wstring                          0x0800174d   Thumb Code     8  _printf_wchar.o(.text)
    _c16rtomb                                0x08001755   Thumb Code    66  _c16rtomb.o(.text)
    _wcrtomb                                 0x08001755   Thumb Code     0  _c16rtomb.o(.text)
    __rt_udiv10                              0x08001797   Thumb Code    40  rtudiv10.o(.text)
    __fpl_fcmp_InfNaN                        0x080017c1   Thumb Code    96  fcmpin.o(.text)
    __user_setup_stackheap                   0x08001825   Thumb Code    62  sys_stackheap_outer.o(.text)
    __rt_ctype_table                         0x08001865   Thumb Code    16  rt_ctype_table.o(.text)
    __rt_locale                              0x08001875   Thumb Code     8  rt_locale_intlibspace.o(.text)
    _printf_fp_infnan                        0x0800187d   Thumb Code   120  _printf_fp_infnan.o(.text)
    _btod_etento                             0x08001905   Thumb Code   210  bigflt0.o(.text)
    _btod_d2e                                0x080019dd   Thumb Code    64  btod.o(.text)
    _btod_emul                               0x08001e11   Thumb Code    28  btod.o(.text)
    _btod_emuld                              0x08001e2d   Thumb Code   144  btod.o(.text)
    _btod_ediv                               0x08001ebd   Thumb Code    26  btod.o(.text)
    _btod_edivd                              0x08001ed7   Thumb Code   124  btod.o(.text)
    exit                                     0x08001f5d   Thumb Code    16  exit.o(.text)
    __fpl_cmpreturn                          0x08001f6d   Thumb Code    46  cmpret.o(.text)
    __fpl_fcheck_NaN2                        0x08001f9d   Thumb Code    10  fnan2.o(.text)
    __user_libspace                          0x08001fad   Thumb Code     8  libspace.o(.text)
    __user_perproc_libspace                  0x08001fad   Thumb Code     0  libspace.o(.text)
    __user_perthread_libspace                0x08001fad   Thumb Code     0  libspace.o(.text)
    strcmp                                   0x08001fb5   Thumb Code   132  strcmp.o(.text)
    __fpl_return_NaN                         0x0800203d   Thumb Code    94  retnan.o(.text)
    _sys_exit                                0x0800209d   Thumb Code     8  sys_exit.o(.text)
    __I$use$semihosting                      0x080020a9   Thumb Code     0  use_no_semi.o(.text)
    __use_no_semihosting_swi                 0x080020a9   Thumb Code     2  use_no_semi.o(.text)
    __semihosting_library_function           0x080020ab   Thumb Code     0  indicate_semi.o(.text)
    Error_Handler                            0x080021b5   Thumb Code    14  main.o(.text.Error_Handler)
    HAL_ADCEx_Calibration_Start              0x080021c3   Thumb Code   310  stm32l0xx_hal_adc_ex.o(.text.HAL_ADCEx_Calibration_Start)
    HAL_ADC_ConfigChannel                    0x080022f9   Thumb Code   336  stm32l0xx_hal_adc.o(.text.HAL_ADC_ConfigChannel)
    HAL_ADC_GetState                         0x08002455   Thumb Code    12  stm32l0xx_hal_adc.o(.text.HAL_ADC_GetState)
    HAL_ADC_GetValue                         0x08002461   Thumb Code    14  stm32l0xx_hal_adc.o(.text.HAL_ADC_GetValue)
    HAL_ADC_Init                             0x08002471   Thumb Code   680  stm32l0xx_hal_adc.o(.text.HAL_ADC_Init)
    HAL_ADC_MspInit                          0x08002721   Thumb Code    92  stm32l0xx_hal_msp.o(.text.HAL_ADC_MspInit)
    HAL_ADC_PollForConversion                0x08002785   Thumb Code   352  stm32l0xx_hal_adc.o(.text.HAL_ADC_PollForConversion)
    HAL_ADC_Start                            0x080028e5   Thumb Code   180  stm32l0xx_hal_adc.o(.text.HAL_ADC_Start)
    HAL_DAC_ConfigChannel                    0x0800299d   Thumb Code   148  stm32l0xx_hal_dac.o(.text.HAL_DAC_ConfigChannel)
    HAL_DAC_Init                             0x08002a35   Thumb Code    78  stm32l0xx_hal_dac.o(.text.HAL_DAC_Init)
    HAL_DAC_MspInit                          0x08002a85   Thumb Code    92  stm32l0xx_hal_msp.o(.text.HAL_DAC_MspInit)
    HAL_DAC_SetValue                         0x08002aed   Thumb Code    64  stm32l0xx_hal_dac_ex.o(.text.HAL_DAC_SetValue)
    HAL_DAC_Start                            0x08002b2d   Thumb Code   224  stm32l0xx_hal_dac_ex.o(.text.HAL_DAC_Start)
    HAL_DMA_Abort                            0x08002c0d   Thumb Code   122  stm32l0xx_hal_dma.o(.text.HAL_DMA_Abort)
    HAL_DMA_Abort_IT                         0x08002c87   Thumb Code   124  stm32l0xx_hal_dma.o(.text.HAL_DMA_Abort_IT)
    HAL_GPIO_Init                            0x08002d05   Thumb Code   744  stm32l0xx_hal_gpio.o(.text.HAL_GPIO_Init)
    HAL_GPIO_WritePin                        0x08003015   Thumb Code    44  stm32l0xx_hal_gpio.o(.text.HAL_GPIO_WritePin)
    HAL_GetTick                              0x08003041   Thumb Code     8  stm32l0xx_hal.o(.text.HAL_GetTick)
    HAL_IncTick                              0x08003049   Thumb Code    16  stm32l0xx_hal.o(.text.HAL_IncTick)
    HAL_Init                                 0x0800305d   Thumb Code    52  stm32l0xx_hal.o(.text.HAL_Init)
    HAL_InitTick                             0x08003095   Thumb Code   100  stm32l0xx_hal.o(.text.HAL_InitTick)
    HAL_MspInit                              0x08003105   Thumb Code    24  stm32l0xx_hal_msp.o(.text.HAL_MspInit)
    HAL_NVIC_EnableIRQ                       0x08003121   Thumb Code    22  stm32l0xx_hal_cortex.o(.text.HAL_NVIC_EnableIRQ)
    HAL_NVIC_SetPriority                     0x08003137   Thumb Code    28  stm32l0xx_hal_cortex.o(.text.HAL_NVIC_SetPriority)
    HAL_RCCEx_PeriphCLKConfig                0x08003155   Thumb Code   852  stm32l0xx_hal_rcc_ex.o(.text.HAL_RCCEx_PeriphCLKConfig)
    HAL_RCC_ClockConfig                      0x080034c1   Thumb Code   744  stm32l0xx_hal_rcc.o(.text.HAL_RCC_ClockConfig)
    HAL_RCC_GetHCLKFreq                      0x080037b9   Thumb Code     8  stm32l0xx_hal_rcc.o(.text.HAL_RCC_GetHCLKFreq)
    HAL_RCC_GetPCLK1Freq                     0x080037c5   Thumb Code    28  stm32l0xx_hal_rcc.o(.text.HAL_RCC_GetPCLK1Freq)
    HAL_RCC_GetPCLK2Freq                     0x080037e1   Thumb Code    28  stm32l0xx_hal_rcc.o(.text.HAL_RCC_GetPCLK2Freq)
    HAL_RCC_GetSysClockFreq                  0x08003801   Thumb Code   260  stm32l0xx_hal_rcc.o(.text.HAL_RCC_GetSysClockFreq)
    HAL_RCC_OscConfig                        0x08003921   Thumb Code  2124  stm32l0xx_hal_rcc.o(.text.HAL_RCC_OscConfig)
    HAL_SYSTICK_Config                       0x08004191   Thumb Code    16  stm32l0xx_hal_cortex.o(.text.HAL_SYSTICK_Config)
    HAL_TIMEx_MasterConfigSynchronization    0x080041a1   Thumb Code   204  stm32l0xx_hal_tim_ex.o(.text.HAL_TIMEx_MasterConfigSynchronization)
    HAL_TIM_Base_Init                        0x0800426d   Thumb Code   128  stm32l0xx_hal_tim.o(.text.HAL_TIM_Base_Init)
    HAL_TIM_Base_MspInit                     0x080042ed   Thumb Code   144  stm32l0xx_hal_msp.o(.text.HAL_TIM_Base_MspInit)
    HAL_TIM_Base_Start_IT                    0x08004385   Thumb Code   160  stm32l0xx_hal_tim.o(.text.HAL_TIM_Base_Start_IT)
    HAL_TIM_Base_Stop_IT                     0x08004431   Thumb Code    64  stm32l0xx_hal_tim.o(.text.HAL_TIM_Base_Stop_IT)
    HAL_TIM_ConfigClockSource                0x08004475   Thumb Code   394  stm32l0xx_hal_tim.o(.text.HAL_TIM_ConfigClockSource)
    HAL_TIM_IC_CaptureCallback               0x080045ff   Thumb Code     8  stm32l0xx_hal_tim.o(.text.HAL_TIM_IC_CaptureCallback)
    HAL_TIM_IRQHandler                       0x08004607   Thumb Code   462  stm32l0xx_hal_tim.o(.text.HAL_TIM_IRQHandler)
    HAL_TIM_OC_DelayElapsedCallback          0x080047d5   Thumb Code     8  stm32l0xx_hal_tim.o(.text.HAL_TIM_OC_DelayElapsedCallback)
    HAL_TIM_PWM_PulseFinishedCallback        0x080047dd   Thumb Code     8  stm32l0xx_hal_tim.o(.text.HAL_TIM_PWM_PulseFinishedCallback)
    HAL_TIM_PeriodElapsedCallback            0x080047e5   Thumb Code   912  main.o(.text.HAL_TIM_PeriodElapsedCallback)
    HAL_TIM_TriggerCallback                  0x08004bfd   Thumb Code     8  stm32l0xx_hal_tim.o(.text.HAL_TIM_TriggerCallback)
    HAL_UARTEx_RxEventCallback               0x08004c05   Thumb Code    12  stm32l0xx_hal_uart.o(.text.HAL_UARTEx_RxEventCallback)
    HAL_UARTEx_WakeupCallback                0x08004c11   Thumb Code     8  stm32l0xx_hal_uart_ex.o(.text.HAL_UARTEx_WakeupCallback)
    HAL_UART_ErrorCallback                   0x08004c19   Thumb Code     8  stm32l0xx_hal_uart.o(.text.HAL_UART_ErrorCallback)
    HAL_UART_IRQHandler                      0x08004c21   Thumb Code  1352  stm32l0xx_hal_uart.o(.text.HAL_UART_IRQHandler)
    HAL_UART_Init                            0x0800516d   Thumb Code   176  stm32l0xx_hal_uart.o(.text.HAL_UART_Init)
    HAL_UART_MspInit                         0x0800521d   Thumb Code   200  stm32l0xx_hal_msp.o(.text.HAL_UART_MspInit)
    HAL_UART_Receive_IT                      0x080052f5   Thumb Code   212  stm32l0xx_hal_uart.o(.text.HAL_UART_Receive_IT)
    HAL_UART_RxCpltCallback                  0x080053cd   Thumb Code   400  main.o(.text.HAL_UART_RxCpltCallback)
    HAL_UART_Transmit                        0x08005585   Thumb Code   352  stm32l0xx_hal_uart.o(.text.HAL_UART_Transmit)
    HAL_UART_TxCpltCallback                  0x080056e9   Thumb Code     8  stm32l0xx_hal_uart.o(.text.HAL_UART_TxCpltCallback)
    HardFault_Handler                        0x080056f1   Thumb Code     4  stm32l0xx_it.o(.text.HardFault_Handler)
    NMI_Handler                              0x08005a75   Thumb Code     4  stm32l0xx_it.o(.text.NMI_Handler)
    PendSV_Handler                           0x08005a79   Thumb Code     2  stm32l0xx_it.o(.text.PendSV_Handler)
    SVC_Handler                              0x08005a7b   Thumb Code     2  stm32l0xx_it.o(.text.SVC_Handler)
    SysTick_Handler                          0x08005acd   Thumb Code     8  stm32l0xx_it.o(.text.SysTick_Handler)
    SystemClock_Config                       0x08005ad5   Thumb Code   152  main.o(.text.SystemClock_Config)
    SystemInit                               0x08005b71   Thumb Code     2  system_stm32l0xx.o(.text.SystemInit)
    TIM2_IRQHandler                          0x08005b75   Thumb Code    12  stm32l0xx_it.o(.text.TIM2_IRQHandler)
    TIM3_IRQHandler                          0x08005b85   Thumb Code    12  stm32l0xx_it.o(.text.TIM3_IRQHandler)
    TIM7_IRQHandler                          0x08005b95   Thumb Code    12  stm32l0xx_it.o(.text.TIM7_IRQHandler)
    UART_AdvFeatureConfig                    0x08005d79   Thumb Code   346  stm32l0xx_hal_uart.o(.text.UART_AdvFeatureConfig)
    UART_CheckIdleState                      0x08005ed5   Thumb Code   344  stm32l0xx_hal_uart.o(.text.UART_CheckIdleState)
    UART_SetConfig                           0x08006469   Thumb Code  1252  stm32l0xx_hal_uart.o(.text.UART_SetConfig)
    UART_Start_Receive_IT                    0x0800696d   Thumb Code   404  stm32l0xx_hal_uart.o(.text.UART_Start_Receive_IT)
    UART_WaitOnFlagUntilTimeout              0x08006b0d   Thumb Code   264  stm32l0xx_hal_uart.o(.text.UART_WaitOnFlagUntilTimeout)
    USART1_IRQHandler                        0x08006c15   Thumb Code    12  stm32l0xx_it.o(.text.USART1_IRQHandler)
    main                                     0x08006cd1   Thumb Code   156  main.o(.text.main)
    sendTerm                                 0x08006d85   Thumb Code    16  main.o(.text.sendTerm)
    __ARM_common_ll_muluu                    0x08006d9d   Thumb Code    48  btod.o(i.__ARM_common_ll_muluu)
    __ARM_fpclassify                         0x08006dcd   Thumb Code    40  fpclassify.o(i.__ARM_fpclassify)
    __aeabi_fcmple                           0x08006df9   Thumb Code     0  fcmp.o(i._fleq)
    _fleq                                    0x08006df9   Thumb Code    26  fcmp.o(i._fleq)
    _is_digit                                0x08006e13   Thumb Code    14  __printf_wp.o(i._is_digit)
    roundf                                   0x08006e21   Thumb Code   116  roundf.o(i.roundf)
    _get_lc_numeric                          0x08006e95   Thumb Code    44  lc_numeric_c.o(locale$$code)
    _get_lc_ctype                            0x08006ec1   Thumb Code    44  lc_ctype_c.o(locale$$code)
    __aeabi_fadd                             0x08006eed   Thumb Code     0  faddsub.o(x$fpl$fadd)
    _fadd                                    0x08006eed   Thumb Code   134  faddsub.o(x$fpl$fadd)
    __aeabi_cfcmple                          0x08006f79   Thumb Code     0  flef.o(x$fpl$fleqf)
    _fcmple                                  0x08006f79   Thumb Code    78  flef.o(x$fpl$fleqf)
    __aeabi_fmul                             0x08006fcd   Thumb Code     0  fmul.o(x$fpl$fmul)
    _fmul                                    0x08006fcd   Thumb Code   172  fmul.o(x$fpl$fmul)
    __aeabi_fsub                             0x0800707d   Thumb Code     0  faddsub.o(x$fpl$fsub)
    _fsub                                    0x0800707d   Thumb Code   204  faddsub.o(x$fpl$fsub)
    _printf_fp_dec                           0x0800714d   Thumb Code    16  printf1.o(x$fpl$printf1)
    _printf_fp_hex                           0x0800715d   Thumb Code    16  printf2.o(x$fpl$printf2)
    __I$use$fp                               0x0800716c   Number         0  usenofp.o(x$fpl$usenofp)
    AHBPrescTable                            0x080072a8   Data          16  system_stm32l0xx.o(.rodata.AHBPrescTable)
    APBPrescTable                            0x080072b8   Data           8  system_stm32l0xx.o(.rodata.APBPrescTable)
    PLLMulTable                              0x080072c0   Data           9  system_stm32l0xx.o(.rodata.PLLMulTable)
    Region$$Table$$Base                      0x0800730c   Number         0  anon$$obj.o(Region$$Table)
    Region$$Table$$Limit                     0x0800732c   Number         0  anon$$obj.o(Region$$Table)
    __ctype                                  0x08007355   Data           0  lc_ctype_c.o(locale$$data)
    ADC_Ready                                0x20000000   Data           1  main.o(.data.ADC_Ready)
    SystemCoreClock                          0x20000004   Data           4  system_stm32l0xx.o(.data.SystemCoreClock)
    cmd_100_kOhm                             0x20000008   Data          17  main.o(.data.cmd_100_kOhm)
    cmd_200_Ohm                              0x20000019   Data          16  main.o(.data.cmd_200_Ohm)
    cmd_20_kOhm                              0x20000029   Data          16  main.o(.data.cmd_20_kOhm)
    cmd_2_kOhm                               0x20000039   Data          15  main.o(.data.cmd_2_kOhm)
    cmd_tick_off                             0x20000048   Data           8  main.o(.data.cmd_tick_off)
    cmd_tick_on                              0x20000050   Data          10  main.o(.data.cmd_tick_on)
    dac_value                                0x2000005a   Data           2  main.o(.data.dac_value)
    koef                                     0x2000005c   Data           8  main.o(.data.koef)
    maks                                     0x20000064   Data           8  main.o(.data.maks)
    s_kohm                                   0x2000006c   Data           4  main.o(.data.s_kohm)
    s_ohm                                    0x20000070   Data           3  main.o(.data.s_ohm)
    uwTickFreq                               0x20000073   Data           1  stm32l0xx_hal.o(.data.uwTickFreq)
    uwTickPrio                               0x20000074   Data           4  stm32l0xx_hal.o(.data.uwTickPrio)
    __libspace_start                         0x20000078   Data          96  libspace.o(.bss)
    ADC_samples                              0x200000d8   Data         200  main.o(.bss.ADC_samples)
    __temporary_stack_top$libspace           0x200000d8   Data           0  libspace.o(.bss)
    R                                        0x200001a0   Data           4  main.o(.bss.R)
    buffr                                    0x200001a4   Data          25  main.o(.bss.buffr)
    diap                                     0x200001bd   Data           1  main.o(.bss.diap)
    hadc                                     0x200001c0   Data          92  main.o(.bss.hadc)
    hdac                                     0x2000021c   Data          20  main.o(.bss.hdac)
    htim2                                    0x20000230   Data          64  main.o(.bss.htim2)
    htim3                                    0x20000270   Data          64  main.o(.bss.htim3)
    htim7                                    0x200002b0   Data          64  main.o(.bss.htim7)
    huart1                                   0x200002f0   Data         136  main.o(.bss.huart1)
    huart2                                   0x20000378   Data         136  main.o(.bss.huart2)
    mat_vnt                                  0x20000400   Data           4  main.o(.bss.mat_vnt)
    rToNextion                               0x20000404   Data          25  main.o(.bss.rToNextion)
    rx_data                                  0x2000041d   Data           1  main.o(.bss.rx_data)
    sample_count                             0x2000041e   Data           1  main.o(.bss.sample_count)
    tick_on                                  0x2000041f   Data           1  main.o(.bss.tick_on)
    txt_len                                  0x20000420   Data           4  main.o(.bss.txt_len)
    uart_rx                                  0x20000424   Data          20  main.o(.bss.uart_rx)
    uwTick                                   0x20000438   Data           4  stm32l0xx_hal.o(.bss.uwTick)



==============================================================================

Memory Map of the image

  Image Entry point : 0x080000c1

  Load Region LR_IROM1 (Base: 0x08000000, Size: 0x000074d0, Max: 0x00030000, ABSOLUTE)

    Execution Region ER_IROM1 (Exec base: 0x08000000, Load base: 0x08000000, Size: 0x00007458, Max: 0x00030000, ABSOLUTE)

    Exec Addr    Load Addr    Size         Type   Attr      Idx    E Section Name        Object

    0x08000000   0x08000000   0x000000c0   Data   RO            3    RESET               startup_stm32l073xx.o
    0x080000c0   0x080000c0   0x00000008   Code   RO         1427  * !!!main             c_p.l(__main.o)
    0x080000c8   0x080000c8   0x00000054   Code   RO         1823    !!!scatter          c_p.l(__scatter.o)
    0x0800011c   0x0800011c   0x0000001a   Code   RO         1827    !!handler_copy      c_p.l(__scatter_copy.o)
    0x08000136   0x08000136   0x00000002   PAD
    0x08000138   0x08000138   0x00000002   Code   RO         1824    !!handler_null      c_p.l(__scatter.o)
    0x0800013a   0x0800013a   0x00000002   PAD
    0x0800013c   0x0800013c   0x0000001c   Code   RO         1829    !!handler_zi        c_p.l(__scatter_zi.o)
    0x08000158   0x08000158   0x00000002   Code   RO         1562    .ARM.Collect$$_printf_percent$$00000000  c_p.l(_printf_percent.o)
    0x0800015a   0x0800015a   0x0000000a   Code   RO         1551    .ARM.Collect$$_printf_percent$$00000001  c_p.l(_printf_n.o)
    0x08000164   0x08000164   0x0000000a   Code   RO         1553    .ARM.Collect$$_printf_percent$$00000002  c_p.l(_printf_p.o)
    0x0800016e   0x0800016e   0x0000000a   Code   RO         1558    .ARM.Collect$$_printf_percent$$00000003  c_p.l(_printf_f.o)
    0x08000178   0x08000178   0x0000000a   Code   RO         1559    .ARM.Collect$$_printf_percent$$00000004  c_p.l(_printf_e.o)
    0x08000182   0x08000182   0x0000000a   Code   RO         1560    .ARM.Collect$$_printf_percent$$00000005  c_p.l(_printf_g.o)
    0x0800018c   0x0800018c   0x0000000a   Code   RO         1561    .ARM.Collect$$_printf_percent$$00000006  c_p.l(_printf_a.o)
    0x08000196   0x08000196   0x0000000a   Code   RO         1566    .ARM.Collect$$_printf_percent$$00000007  c_p.l(_printf_ll.o)
    0x080001a0   0x080001a0   0x0000000a   Code   RO         1555    .ARM.Collect$$_printf_percent$$00000008  c_p.l(_printf_i.o)
    0x080001aa   0x080001aa   0x0000000a   Code   RO         1556    .ARM.Collect$$_printf_percent$$00000009  c_p.l(_printf_d.o)
    0x080001b4   0x080001b4   0x0000000a   Code   RO         1557    .ARM.Collect$$_printf_percent$$0000000A  c_p.l(_printf_u.o)
    0x080001be   0x080001be   0x0000000a   Code   RO         1554    .ARM.Collect$$_printf_percent$$0000000B  c_p.l(_printf_o.o)
    0x080001c8   0x080001c8   0x0000000a   Code   RO         1552    .ARM.Collect$$_printf_percent$$0000000C  c_p.l(_printf_x.o)
    0x080001d2   0x080001d2   0x0000000a   Code   RO         1563    .ARM.Collect$$_printf_percent$$0000000D  c_p.l(_printf_lli.o)
    0x080001dc   0x080001dc   0x0000000a   Code   RO         1564    .ARM.Collect$$_printf_percent$$0000000E  c_p.l(_printf_lld.o)
    0x080001e6   0x080001e6   0x0000000a   Code   RO         1565    .ARM.Collect$$_printf_percent$$0000000F  c_p.l(_printf_llu.o)
    0x080001f0   0x080001f0   0x0000000a   Code   RO         1570    .ARM.Collect$$_printf_percent$$00000010  c_p.l(_printf_llo.o)
    0x080001fa   0x080001fa   0x0000000a   Code   RO         1571    .ARM.Collect$$_printf_percent$$00000011  c_p.l(_printf_llx.o)
    0x08000204   0x08000204   0x0000000a   Code   RO         1567    .ARM.Collect$$_printf_percent$$00000012  c_p.l(_printf_l.o)
    0x0800020e   0x0800020e   0x0000000a   Code   RO         1549    .ARM.Collect$$_printf_percent$$00000013  c_p.l(_printf_c.o)
    0x08000218   0x08000218   0x0000000a   Code   RO         1550    .ARM.Collect$$_printf_percent$$00000014  c_p.l(_printf_s.o)
    0x08000222   0x08000222   0x0000000a   Code   RO         1568    .ARM.Collect$$_printf_percent$$00000015  c_p.l(_printf_lc.o)
    0x0800022c   0x0800022c   0x0000000a   Code   RO         1569    .ARM.Collect$$_printf_percent$$00000016  c_p.l(_printf_ls.o)
    0x08000236   0x08000236   0x00000004   Code   RO         1623    .ARM.Collect$$_printf_percent$$00000017  c_p.l(_printf_percent_end.o)
    0x0800023a   0x0800023a   0x00000002   Code   RO         1665    .ARM.Collect$$libinit$$00000000  c_p.l(libinit.o)
    0x0800023c   0x0800023c   0x00000000   Code   RO         1694    .ARM.Collect$$libinit$$00000002  c_p.l(libinit2.o)
    0x0800023c   0x0800023c   0x00000000   Code   RO         1696    .ARM.Collect$$libinit$$00000004  c_p.l(libinit2.o)
    0x0800023c   0x0800023c   0x00000000   Code   RO         1698    .ARM.Collect$$libinit$$00000006  c_p.l(libinit2.o)
    0x0800023c   0x0800023c   0x00000000   Code   RO         1701    .ARM.Collect$$libinit$$0000000C  c_p.l(libinit2.o)
    0x0800023c   0x0800023c   0x00000000   Code   RO         1703    .ARM.Collect$$libinit$$0000000E  c_p.l(libinit2.o)
    0x0800023c   0x0800023c   0x00000000   Code   RO         1705    .ARM.Collect$$libinit$$00000010  c_p.l(libinit2.o)
    0x0800023c   0x0800023c   0x00000006   Code   RO         1706    .ARM.Collect$$libinit$$00000011  c_p.l(libinit2.o)
    0x08000242   0x08000242   0x00000000   Code   RO         1708    .ARM.Collect$$libinit$$00000013  c_p.l(libinit2.o)
    0x08000242   0x08000242   0x0000000c   Code   RO         1709    .ARM.Collect$$libinit$$00000014  c_p.l(libinit2.o)
    0x0800024e   0x0800024e   0x00000000   Code   RO         1710    .ARM.Collect$$libinit$$00000015  c_p.l(libinit2.o)
    0x0800024e   0x0800024e   0x00000000   Code   RO         1712    .ARM.Collect$$libinit$$00000017  c_p.l(libinit2.o)
    0x0800024e   0x0800024e   0x0000000a   Code   RO         1713    .ARM.Collect$$libinit$$00000018  c_p.l(libinit2.o)
    0x08000258   0x08000258   0x00000000   Code   RO         1714    .ARM.Collect$$libinit$$00000019  c_p.l(libinit2.o)
    0x08000258   0x08000258   0x00000000   Code   RO         1716    .ARM.Collect$$libinit$$0000001B  c_p.l(libinit2.o)
    0x08000258   0x08000258   0x00000000   Code   RO         1718    .ARM.Collect$$libinit$$0000001D  c_p.l(libinit2.o)
    0x08000258   0x08000258   0x00000000   Code   RO         1720    .ARM.Collect$$libinit$$0000001F  c_p.l(libinit2.o)
    0x08000258   0x08000258   0x00000000   Code   RO         1722    .ARM.Collect$$libinit$$00000021  c_p.l(libinit2.o)
    0x08000258   0x08000258   0x00000000   Code   RO         1724    .ARM.Collect$$libinit$$00000023  c_p.l(libinit2.o)
    0x08000258   0x08000258   0x00000000   Code   RO         1726    .ARM.Collect$$libinit$$00000025  c_p.l(libinit2.o)
    0x08000258   0x08000258   0x00000000   Code   RO         1728    .ARM.Collect$$libinit$$00000027  c_p.l(libinit2.o)
    0x08000258   0x08000258   0x00000000   Code   RO         1732    .ARM.Collect$$libinit$$0000002E  c_p.l(libinit2.o)
    0x08000258   0x08000258   0x00000000   Code   RO         1734    .ARM.Collect$$libinit$$00000030  c_p.l(libinit2.o)
    0x08000258   0x08000258   0x00000000   Code   RO         1736    .ARM.Collect$$libinit$$00000032  c_p.l(libinit2.o)
    0x08000258   0x08000258   0x00000000   Code   RO         1738    .ARM.Collect$$libinit$$00000034  c_p.l(libinit2.o)
    0x08000258   0x08000258   0x00000002   Code   RO         1739    .ARM.Collect$$libinit$$00000035  c_p.l(libinit2.o)
    0x0800025a   0x0800025a   0x00000002   Code   RO         1778    .ARM.Collect$$libshutdown$$00000000  c_p.l(libshutdown.o)
    0x0800025c   0x0800025c   0x00000000   Code   RO         1806    .ARM.Collect$$libshutdown$$00000002  c_p.l(libshutdown2.o)
    0x0800025c   0x0800025c   0x00000000   Code   RO         1808    .ARM.Collect$$libshutdown$$00000004  c_p.l(libshutdown2.o)
    0x0800025c   0x0800025c   0x00000000   Code   RO         1811    .ARM.Collect$$libshutdown$$00000007  c_p.l(libshutdown2.o)
    0x0800025c   0x0800025c   0x00000000   Code   RO         1814    .ARM.Collect$$libshutdown$$0000000A  c_p.l(libshutdown2.o)
    0x0800025c   0x0800025c   0x00000000   Code   RO         1816    .ARM.Collect$$libshutdown$$0000000C  c_p.l(libshutdown2.o)
    0x0800025c   0x0800025c   0x00000000   Code   RO         1819    .ARM.Collect$$libshutdown$$0000000F  c_p.l(libshutdown2.o)
    0x0800025c   0x0800025c   0x00000002   Code   RO         1820    .ARM.Collect$$libshutdown$$00000010  c_p.l(libshutdown2.o)
    0x0800025e   0x0800025e   0x00000000   Code   RO         1470    .ARM.Collect$$rtentry$$00000000  c_p.l(__rtentry.o)
    0x0800025e   0x0800025e   0x00000000   Code   RO         1590    .ARM.Collect$$rtentry$$00000002  c_p.l(__rtentry2.o)
    0x0800025e   0x0800025e   0x00000006   Code   RO         1602    .ARM.Collect$$rtentry$$00000004  c_p.l(__rtentry4.o)
    0x08000264   0x08000264   0x00000000   Code   RO         1592    .ARM.Collect$$rtentry$$00000009  c_p.l(__rtentry2.o)
    0x08000264   0x08000264   0x00000004   Code   RO         1593    .ARM.Collect$$rtentry$$0000000A  c_p.l(__rtentry2.o)
    0x08000268   0x08000268   0x00000000   Code   RO         1595    .ARM.Collect$$rtentry$$0000000C  c_p.l(__rtentry2.o)
    0x08000268   0x08000268   0x00000008   Code   RO         1596    .ARM.Collect$$rtentry$$0000000D  c_p.l(__rtentry2.o)
    0x08000270   0x08000270   0x00000002   Code   RO         1678    .ARM.Collect$$rtexit$$00000000  c_p.l(rtexit.o)
    0x08000272   0x08000272   0x00000000   Code   RO         1747    .ARM.Collect$$rtexit$$00000002  c_p.l(rtexit2.o)
    0x08000272   0x08000272   0x00000004   Code   RO         1748    .ARM.Collect$$rtexit$$00000003  c_p.l(rtexit2.o)
    0x08000276   0x08000276   0x00000006   Code   RO         1749    .ARM.Collect$$rtexit$$00000004  c_p.l(rtexit2.o)
    0x0800027c   0x0800027c   0x00000038   Code   RO         1415    .emb_text           c_p.l(rt_memcpy.o)
    0x080002b4   0x080002b4   0x00000038   Code   RO            4    .text               startup_stm32l073xx.o
    0x080002ec   0x080002ec   0x00000110   Code   RO         1407    .text               c_p.l(lludiv.o)
    0x080003fc   0x080003fc   0x0000002c   Code   RO         1409    .text               c_p.l(sprintf.o)
    0x08000428   0x08000428   0x00000040   Code   RO         1411    .text               c_p.l(snprintf.o)
    0x08000468   0x08000468   0x0000004c   Code   RO         1413    .text               c_p.l(strcpy.o)
    0x080004b4   0x080004b4   0x00000082   Code   RO         1416    .text               c_p.l(rt_memcpy.o)
    0x08000536   0x08000536   0x00000040   Code   RO         1419    .text               c_p.l(rt_memclr.o)
    0x08000576   0x08000576   0x00000002   PAD
    0x08000578   0x08000578   0x0000016c   Code   RO         1421    .text               c_p.l(aeabi_sdiv.o)
    0x080006e4   0x080006e4   0x00000006   Code   RO         1425    .text               c_p.l(heapauxi.o)
    0x080006ea   0x080006ea   0x00000002   PAD
    0x080006ec   0x080006ec   0x00000054   Code   RO         1429    .text               fz_ps.l(f2d.o)
    0x08000740   0x08000740   0x00000160   Code   RO         1461    .text               fz_ps.l(fdiv.o)
    0x080008a0   0x080008a0   0x0000005e   Code   RO         1464    .text               fz_ps.l(fflti.o)
    0x080008fe   0x080008fe   0x0000004e   Code   RO         1481    .text               c_p.l(_printf_pad.o)
    0x0800094c   0x0800094c   0x00000024   Code   RO         1483    .text               c_p.l(_printf_truncate.o)
    0x08000970   0x08000970   0x00000052   Code   RO         1485    .text               c_p.l(_printf_str.o)
    0x080009c2   0x080009c2   0x00000002   PAD
    0x080009c4   0x080009c4   0x0000006c   Code   RO         1487    .text               c_p.l(_printf_dec.o)
    0x08000a30   0x08000a30   0x00000026   Code   RO         1489    .text               c_p.l(_printf_charcount.o)
    0x08000a56   0x08000a56   0x00000002   PAD
    0x08000a58   0x08000a58   0x00000030   Code   RO         1491    .text               c_p.l(_printf_char_common.o)
    0x08000a88   0x08000a88   0x0000000a   Code   RO         1493    .text               c_p.l(_sputc.o)
    0x08000a92   0x08000a92   0x00000010   Code   RO         1495    .text               c_p.l(_snputc.o)
    0x08000aa2   0x08000aa2   0x00000002   PAD
    0x08000aa4   0x08000aa4   0x000000bc   Code   RO         1497    .text               c_p.l(_printf_wctomb.o)
    0x08000b60   0x08000b60   0x00000070   Code   RO         1500    .text               c_p.l(_printf_longlong_dec.o)
    0x08000bd0   0x08000bd0   0x00000070   Code   RO         1506    .text               c_p.l(_printf_oct_int_ll.o)
    0x08000c40   0x08000c40   0x00000098   Code   RO         1526    .text               c_p.l(_printf_hex_int_ll_ptr.o)
    0x08000cd8   0x08000cd8   0x00000188   Code   RO         1546    .text               c_p.l(__printf_flags_ss_wp.o)
    0x08000e60   0x08000e60   0x00000080   Code   RO         1578    .text               fz_ps.l(frnd.o)
    0x08000ee0   0x08000ee0   0x0000007a   Code   RO         1606    .text               c_p.l(lludiv10.o)
    0x08000f5a   0x08000f5a   0x000000b0   Code   RO         1608    .text               c_p.l(_printf_intcommon.o)
    0x0800100a   0x0800100a   0x00000002   PAD
    0x0800100c   0x0800100c   0x00000414   Code   RO         1610    .text               c_p.l(_printf_fp_dec.o)
    0x08001420   0x08001420   0x000002d8   Code   RO         1614    .text               c_p.l(_printf_fp_hex.o)
    0x080016f8   0x080016f8   0x0000002e   Code   RO         1619    .text               c_p.l(_printf_char.o)
    0x08001726   0x08001726   0x0000002e   Code   RO         1621    .text               c_p.l(_printf_wchar.o)
    0x08001754   0x08001754   0x00000042   Code   RO         1624    .text               c_p.l(_c16rtomb.o)
    0x08001796   0x08001796   0x00000028   Code   RO         1626    .text               c_p.l(rtudiv10.o)
    0x080017be   0x080017be   0x00000002   PAD
    0x080017c0   0x080017c0   0x00000064   Code   RO         1628    .text               fz_ps.l(fcmpin.o)
    0x08001824   0x08001824   0x0000003e   Code   RO         1630    .text               c_p.l(sys_stackheap_outer.o)
    0x08001862   0x08001862   0x00000002   PAD
    0x08001864   0x08001864   0x00000010   Code   RO         1633    .text               c_p.l(rt_ctype_table.o)
    0x08001874   0x08001874   0x00000008   Code   RO         1638    .text               c_p.l(rt_locale_intlibspace.o)
    0x0800187c   0x0800187c   0x00000088   Code   RO         1640    .text               c_p.l(_printf_fp_infnan.o)
    0x08001904   0x08001904   0x000000d8   Code   RO         1642    .text               c_p.l(bigflt0.o)
    0x080019dc   0x080019dc   0x00000580   Code   RO         1645    .text               c_p.l(btod.o)
    0x08001f5c   0x08001f5c   0x00000010   Code   RO         1654    .text               c_p.l(exit.o)
    0x08001f6c   0x08001f6c   0x0000002e   Code   RO         1666    .text               fz_ps.l(cmpret.o)
    0x08001f9a   0x08001f9a   0x00000002   PAD
    0x08001f9c   0x08001f9c   0x00000010   Code   RO         1668    .text               fz_ps.l(fnan2.o)
    0x08001fac   0x08001fac   0x00000008   Code   RO         1674    .text               c_p.l(libspace.o)
    0x08001fb4   0x08001fb4   0x00000088   Code   RO         1691    .text               c_p.l(strcmp.o)
    0x0800203c   0x0800203c   0x0000005e   Code   RO         1740    .text               fz_ps.l(retnan.o)
    0x0800209a   0x0800209a   0x00000002   PAD
    0x0800209c   0x0800209c   0x0000000c   Code   RO         1742    .text               c_p.l(sys_exit.o)
    0x080020a8   0x080020a8   0x00000002   Code   RO         1767    .text               c_p.l(use_no_semi.o)
    0x080020aa   0x080020aa   0x00000000   Code   RO         1769    .text               c_p.l(indicate_semi.o)
    0x080020aa   0x080020aa   0x00000002   PAD
    0x080020ac   0x080020ac   0x00000038   Code   RO          179    .text.ADC_DelayMicroSecond  stm32l0xx_hal_adc.o
    0x080020e4   0x080020e4   0x000000d0   Code   RO          143    .text.ADC_Enable    stm32l0xx_hal_adc.o
    0x080021b4   0x080021b4   0x0000000e   Code   RO           17    .text.Error_Handler  main.o
    0x080021c2   0x080021c2   0x00000136   Code   RO          194    .text.HAL_ADCEx_Calibration_Start  stm32l0xx_hal_adc_ex.o
    0x080022f8   0x080022f8   0x0000015c   Code   RO          177    .text.HAL_ADC_ConfigChannel  stm32l0xx_hal_adc.o
    0x08002454   0x08002454   0x0000000c   Code   RO          183    .text.HAL_ADC_GetState  stm32l0xx_hal_adc.o
    0x08002460   0x08002460   0x0000000e   Code   RO          165    .text.HAL_ADC_GetValue  stm32l0xx_hal_adc.o
    0x0800246e   0x0800246e   0x00000002   PAD
    0x08002470   0x08002470   0x000002b0   Code   RO          129    .text.HAL_ADC_Init  stm32l0xx_hal_adc.o
    0x08002720   0x08002720   0x00000064   Code   RO          106    .text.HAL_ADC_MspInit  stm32l0xx_hal_msp.o
    0x08002784   0x08002784   0x00000160   Code   RO          147    .text.HAL_ADC_PollForConversion  stm32l0xx_hal_adc.o
    0x080028e4   0x080028e4   0x000000b8   Code   RO          141    .text.HAL_ADC_Start  stm32l0xx_hal_adc.o
    0x0800299c   0x0800299c   0x00000098   Code   RO          901    .text.HAL_DAC_ConfigChannel  stm32l0xx_hal_dac.o
    0x08002a34   0x08002a34   0x0000004e   Code   RO          873    .text.HAL_DAC_Init  stm32l0xx_hal_dac.o
    0x08002a82   0x08002a82   0x00000002   PAD
    0x08002a84   0x08002a84   0x00000068   Code   RO          110    .text.HAL_DAC_MspInit  stm32l0xx_hal_msp.o
    0x08002aec   0x08002aec   0x00000040   Code   RO          954    .text.HAL_DAC_SetValue  stm32l0xx_hal_dac_ex.o
    0x08002b2c   0x08002b2c   0x000000e0   Code   RO          932    .text.HAL_DAC_Start  stm32l0xx_hal_dac_ex.o
    0x08002c0c   0x08002c0c   0x0000007a   Code   RO          704    .text.HAL_DMA_Abort  stm32l0xx_hal_dma.o
    0x08002c86   0x08002c86   0x0000007c   Code   RO          706    .text.HAL_DMA_Abort_IT  stm32l0xx_hal_dma.o
    0x08002d02   0x08002d02   0x00000002   PAD
    0x08002d04   0x08002d04   0x00000310   Code   RO          671    .text.HAL_GPIO_Init  stm32l0xx_hal_gpio.o
    0x08003014   0x08003014   0x0000002c   Code   RO          677    .text.HAL_GPIO_WritePin  stm32l0xx_hal_gpio.o
    0x08003040   0x08003040   0x00000008   Code   RO          227    .text.HAL_GetTick   stm32l0xx_hal.o
    0x08003048   0x08003048   0x00000014   Code   RO          225    .text.HAL_IncTick   stm32l0xx_hal.o
    0x0800305c   0x0800305c   0x00000038   Code   RO          215    .text.HAL_Init      stm32l0xx_hal.o
    0x08003094   0x08003094   0x00000070   Code   RO          217    .text.HAL_InitTick  stm32l0xx_hal.o
    0x08003104   0x08003104   0x0000001c   Code   RO          104    .text.HAL_MspInit   stm32l0xx_hal_msp.o
    0x08003120   0x08003120   0x00000016   Code   RO          793    .text.HAL_NVIC_EnableIRQ  stm32l0xx_hal_cortex.o
    0x08003136   0x08003136   0x0000001c   Code   RO          789    .text.HAL_NVIC_SetPriority  stm32l0xx_hal_cortex.o
    0x08003152   0x08003152   0x00000002   PAD
    0x08003154   0x08003154   0x0000036c   Code   RO          508    .text.HAL_RCCEx_PeriphCLKConfig  stm32l0xx_hal_rcc_ex.o
    0x080034c0   0x080034c0   0x000002f8   Code   RO          481    .text.HAL_RCC_ClockConfig  stm32l0xx_hal_rcc.o
    0x080037b8   0x080037b8   0x0000000c   Code   RO          487    .text.HAL_RCC_GetHCLKFreq  stm32l0xx_hal_rcc.o
    0x080037c4   0x080037c4   0x0000001c   Code   RO          489    .text.HAL_RCC_GetPCLK1Freq  stm32l0xx_hal_rcc.o
    0x080037e0   0x080037e0   0x00000020   Code   RO          491    .text.HAL_RCC_GetPCLK2Freq  stm32l0xx_hal_rcc.o
    0x08003800   0x08003800   0x00000120   Code   RO          479    .text.HAL_RCC_GetSysClockFreq  stm32l0xx_hal_rcc.o
    0x08003920   0x08003920   0x00000870   Code   RO          477    .text.HAL_RCC_OscConfig  stm32l0xx_hal_rcc.o
    0x08004190   0x08004190   0x00000010   Code   RO          805    .text.HAL_SYSTICK_Config  stm32l0xx_hal_cortex.o
    0x080041a0   0x080041a0   0x000000cc   Code   RO         1208    .text.HAL_TIMEx_MasterConfigSynchronization  stm32l0xx_hal_tim_ex.o
    0x0800426c   0x0800426c   0x00000080   Code   RO          963    .text.HAL_TIM_Base_Init  stm32l0xx_hal_tim.o
    0x080042ec   0x080042ec   0x00000098   Code   RO          114    .text.HAL_TIM_Base_MspInit  stm32l0xx_hal_msp.o
    0x08004384   0x08004384   0x000000ac   Code   RO          977    .text.HAL_TIM_Base_Start_IT  stm32l0xx_hal_tim.o
    0x08004430   0x08004430   0x00000044   Code   RO          979    .text.HAL_TIM_Base_Stop_IT  stm32l0xx_hal_tim.o
    0x08004474   0x08004474   0x0000018a   Code   RO         1155    .text.HAL_TIM_ConfigClockSource  stm32l0xx_hal_tim.o
    0x080045fe   0x080045fe   0x00000008   Code   RO         1099    .text.HAL_TIM_IC_CaptureCallback  stm32l0xx_hal_tim.o
    0x08004606   0x08004606   0x000001ce   Code   RO         1097    .text.HAL_TIM_IRQHandler  stm32l0xx_hal_tim.o
    0x080047d4   0x080047d4   0x00000008   Code   RO         1101    .text.HAL_TIM_OC_DelayElapsedCallback  stm32l0xx_hal_tim.o
    0x080047dc   0x080047dc   0x00000008   Code   RO         1103    .text.HAL_TIM_PWM_PulseFinishedCallback  stm32l0xx_hal_tim.o
    0x080047e4   0x080047e4   0x00000418   Code   RO           15    .text.HAL_TIM_PeriodElapsedCallback  main.o
    0x08004bfc   0x08004bfc   0x00000008   Code   RO         1107    .text.HAL_TIM_TriggerCallback  stm32l0xx_hal_tim.o
    0x08004c04   0x08004c04   0x0000000c   Code   RO         1309    .text.HAL_UARTEx_RxEventCallback  stm32l0xx_hal_uart.o
    0x08004c10   0x08004c10   0x00000008   Code   RO         1360    .text.HAL_UARTEx_WakeupCallback  stm32l0xx_hal_uart_ex.o
    0x08004c18   0x08004c18   0x00000008   Code   RO         1307    .text.HAL_UART_ErrorCallback  stm32l0xx_hal_uart.o
    0x08004c20   0x08004c20   0x0000054c   Code   RO         1303    .text.HAL_UART_IRQHandler  stm32l0xx_hal_uart.o
    0x0800516c   0x0800516c   0x000000b0   Code   RO         1219    .text.HAL_UART_Init  stm32l0xx_hal_uart.o
    0x0800521c   0x0800521c   0x000000d8   Code   RO          118    .text.HAL_UART_MspInit  stm32l0xx_hal_msp.o
    0x080052f4   0x080052f4   0x000000d8   Code   RO         1251    .text.HAL_UART_Receive_IT  stm32l0xx_hal_uart.o
    0x080053cc   0x080053cc   0x000001b8   Code   RO           13    .text.HAL_UART_RxCpltCallback  main.o
    0x08005584   0x08005584   0x00000164   Code   RO         1239    .text.HAL_UART_Transmit  stm32l0xx_hal_uart.o
    0x080056e8   0x080056e8   0x00000008   Code   RO         1313    .text.HAL_UART_TxCpltCallback  stm32l0xx_hal_uart.o
    0x080056f0   0x080056f0   0x00000004   Code   RO           81    .text.HardFault_Handler  stm32l0xx_it.o
    0x080056f4   0x080056f4   0x00000084   Code   RO           31    .text.MX_ADC_Init   main.o
    0x08005778   0x08005778   0x0000005c   Code   RO           25    .text.MX_DAC_Init   main.o
    0x080057d4   0x080057d4   0x000000cc   Code   RO           23    .text.MX_GPIO_Init  main.o
    0x080058a0   0x080058a0   0x00000074   Code   RO           37    .text.MX_TIM2_Init  main.o
    0x08005914   0x08005914   0x00000074   Code   RO           29    .text.MX_TIM3_Init  main.o
    0x08005988   0x08005988   0x00000058   Code   RO           27    .text.MX_TIM7_Init  main.o
    0x080059e0   0x080059e0   0x00000050   Code   RO           33    .text.MX_USART1_UART_Init  main.o
    0x08005a30   0x08005a30   0x00000044   Code   RO           35    .text.MX_USART2_UART_Init  main.o
    0x08005a74   0x08005a74   0x00000004   Code   RO           79    .text.NMI_Handler   stm32l0xx_it.o
    0x08005a78   0x08005a78   0x00000002   Code   RO           85    .text.PendSV_Handler  stm32l0xx_it.o
    0x08005a7a   0x08005a7a   0x00000002   Code   RO           83    .text.SVC_Handler   stm32l0xx_it.o
    0x08005a7c   0x08005a7c   0x00000050   Code   RO          807    .text.SysTick_Config  stm32l0xx_hal_cortex.o
    0x08005acc   0x08005acc   0x00000008   Code   RO           87    .text.SysTick_Handler  stm32l0xx_it.o
    0x08005ad4   0x08005ad4   0x0000009c   Code   RO           21    .text.SystemClock_Config  main.o
    0x08005b70   0x08005b70   0x00000002   Code   RO         1391    .text.SystemInit    system_stm32l0xx.o
    0x08005b72   0x08005b72   0x00000002   PAD
    0x08005b74   0x08005b74   0x00000010   Code   RO           89    .text.TIM2_IRQHandler  stm32l0xx_it.o
    0x08005b84   0x08005b84   0x00000010   Code   RO           91    .text.TIM3_IRQHandler  stm32l0xx_it.o
    0x08005b94   0x08005b94   0x00000010   Code   RO           93    .text.TIM7_IRQHandler  stm32l0xx_it.o
    0x08005ba4   0x08005ba4   0x000000d0   Code   RO          967    .text.TIM_Base_SetConfig  stm32l0xx_hal_tim.o
    0x08005c74   0x08005c74   0x00000036   Code   RO         1153    .text.TIM_ETR_SetConfig  stm32l0xx_hal_tim.o
    0x08005caa   0x08005caa   0x0000002a   Code   RO         1159    .text.TIM_ITRx_SetConfig  stm32l0xx_hal_tim.o
    0x08005cd4   0x08005cd4   0x00000050   Code   RO         1157    .text.TIM_TI1_ConfigInputStage  stm32l0xx_hal_tim.o
    0x08005d24   0x08005d24   0x00000054   Code   RO         1161    .text.TIM_TI2_ConfigInputStage  stm32l0xx_hal_tim.o
    0x08005d78   0x08005d78   0x0000015a   Code   RO         1223    .text.UART_AdvFeatureConfig  stm32l0xx_hal_uart.o
    0x08005ed2   0x08005ed2   0x00000002   PAD
    0x08005ed4   0x08005ed4   0x0000015c   Code   RO         1227    .text.UART_CheckIdleState  stm32l0xx_hal_uart.o
    0x08006030   0x08006030   0x0000001e   Code   RO         1305    .text.UART_DMAAbortOnError  stm32l0xx_hal_uart.o
    0x0800604e   0x0800604e   0x000000b0   Code   RO         1275    .text.UART_EndRxTransfer  stm32l0xx_hal_uart.o
    0x080060fe   0x080060fe   0x0000004a   Code   RO         1311    .text.UART_EndTransmit_IT  stm32l0xx_hal_uart.o
    0x08006148   0x08006148   0x00000190   Code   RO         1343    .text.UART_RxISR_16BIT  stm32l0xx_hal_uart.o
    0x080062d8   0x080062d8   0x00000190   Code   RO         1345    .text.UART_RxISR_8BIT  stm32l0xx_hal_uart.o
    0x08006468   0x08006468   0x00000504   Code   RO         1225    .text.UART_SetConfig  stm32l0xx_hal_uart.o
    0x0800696c   0x0800696c   0x000001a0   Code   RO         1253    .text.UART_Start_Receive_IT  stm32l0xx_hal_uart.o
    0x08006b0c   0x08006b0c   0x00000108   Code   RO         1241    .text.UART_WaitOnFlagUntilTimeout  stm32l0xx_hal_uart.o
    0x08006c14   0x08006c14   0x0000000c   Code   RO           95    .text.USART1_IRQHandler  stm32l0xx_it.o
    0x08006c20   0x08006c20   0x0000002c   Code   RO          795    .text.__NVIC_EnableIRQ  stm32l0xx_hal_cortex.o
    0x08006c4c   0x08006c4c   0x00000084   Code   RO          791    .text.__NVIC_SetPriority  stm32l0xx_hal_cortex.o
    0x08006cd0   0x08006cd0   0x000000b4   Code   RO           19    .text.main          main.o
    0x08006d84   0x08006d84   0x00000018   Code   RO           11    .text.sendTerm      main.o
    0x08006d9c   0x08006d9c   0x00000030   Code   RO         1647    i.__ARM_common_ll_muluu  c_p.l(btod.o)
    0x08006dcc   0x08006dcc   0x0000002c   Code   RO         1672    i.__ARM_fpclassify  m_ps.l(fpclassify.o)
    0x08006df8   0x08006df8   0x0000001a   Code   RO         1446    i._fleq             fz_ps.l(fcmp.o)
    0x08006e12   0x08006e12   0x0000000e   Code   RO         1539    i._is_digit         c_p.l(__printf_wp.o)
    0x08006e20   0x08006e20   0x00000074   Code   RO         1468    i.roundf            m_ps.l(roundf.o)
    0x08006e94   0x08006e94   0x0000002c   Code   RO         1652    locale$$code        c_p.l(lc_numeric_c.o)
    0x08006ec0   0x08006ec0   0x0000002c   Code   RO         1685    locale$$code        c_p.l(lc_ctype_c.o)
    0x08006eec   0x08006eec   0x0000008c   Code   RO         1431    x$fpl$fadd          fz_ps.l(faddsub.o)
    0x08006f78   0x08006f78   0x00000054   Code   RO         1576    x$fpl$fleqf         fz_ps.l(flef.o)
    0x08006fcc   0x08006fcc   0x000000b0   Code   RO         1466    x$fpl$fmul          fz_ps.l(fmul.o)
    0x0800707c   0x0800707c   0x000000d0   Code   RO         1433    x$fpl$fsub          fz_ps.l(faddsub.o)
    0x0800714c   0x0800714c   0x00000010   Code   RO         1580    x$fpl$printf1       fz_ps.l(printf1.o)
    0x0800715c   0x0800715c   0x00000010   Code   RO         1582    x$fpl$printf2       fz_ps.l(printf2.o)
    0x0800716c   0x0800716c   0x00000000   Code   RO         1588    x$fpl$usenofp       fz_ps.l(usenofp.o)
    0x0800716c   0x0800716c   0x00000040   Data   RO         1462    .constdata          fz_ps.l(fdiv.o)
    0x080071ac   0x080071ac   0x00000008   Data   RO         1498    .constdata          c_p.l(_printf_wctomb.o)
    0x080071b4   0x080071b4   0x00000028   Data   RO         1527    .constdata          c_p.l(_printf_hex_int_ll_ptr.o)
    0x080071dc   0x080071dc   0x00000011   Data   RO         1547    .constdata          c_p.l(__printf_flags_ss_wp.o)
    0x080071ed   0x080071ed   0x00000026   Data   RO         1615    .constdata          c_p.l(_printf_fp_hex.o)
    0x08007213   0x08007213   0x00000001   PAD
    0x08007214   0x08007214   0x00000094   Data   RO         1643    .constdata          c_p.l(bigflt0.o)
    0x080072a8   0x080072a8   0x00000010   Data   RO         1396    .rodata.AHBPrescTable  system_stm32l0xx.o
    0x080072b8   0x080072b8   0x00000008   Data   RO         1397    .rodata.APBPrescTable  system_stm32l0xx.o
    0x080072c0   0x080072c0   0x00000009   Data   RO         1398    .rodata.PLLMulTable  system_stm32l0xx.o
    0x080072c9   0x080072c9   0x00000041   Data   RO           63    .rodata.str1.1      main.o
    0x0800730a   0x0800730a   0x00000002   PAD
    0x0800730c   0x0800730c   0x00000020   Data   RO         1822    Region$$Table       anon$$obj.o
    0x0800732c   0x0800732c   0x0000001c   Data   RO         1651    locale$$data        c_p.l(lc_numeric_c.o)
    0x08007348   0x08007348   0x00000110   Data   RO         1684    locale$$data        c_p.l(lc_ctype_c.o)


    Execution Region RW_IRAM1 (Exec base: 0x20000000, Load base: 0x08007458, Size: 0x00000a40, Max: 0x00005000, ABSOLUTE)

    Exec Addr    Load Addr    Size         Type   Attr      Idx    E Section Name        Object

    0x20000000   0x08007458   0x00000001   Data   RW           53    .data.ADC_Ready     main.o
    0x20000001   0x08007459   0x00000003   Data   RW           57    .data.LF_pattern    main.o
    0x20000004   0x0800745c   0x00000004   Data   RW         1395    .data.SystemCoreClock  system_stm32l0xx.o
    0x20000008   0x08007460   0x00000011   Data   RW           46    .data.cmd_100_kOhm  main.o
    0x20000019   0x08007471   0x00000010   Data   RW           43    .data.cmd_200_Ohm   main.o
    0x20000029   0x08007481   0x00000010   Data   RW           45    .data.cmd_20_kOhm   main.o
    0x20000039   0x08007491   0x0000000f   Data   RW           44    .data.cmd_2_kOhm    main.o
    0x20000048   0x080074a0   0x00000008   Data   RW           48    .data.cmd_tick_off  main.o
    0x20000050   0x080074a8   0x0000000a   Data   RW           47    .data.cmd_tick_on   main.o
    0x2000005a   0x080074b2   0x00000002   Data   RW           39    .data.dac_value     main.o
    0x2000005c   0x080074b4   0x00000008   Data   RW           42    .data.koef          main.o
    0x20000064   0x080074bc   0x00000008   Data   RW           41    .data.maks          main.o
    0x2000006c   0x080074c4   0x00000004   Data   RW           50    .data.s_kohm        main.o
    0x20000070   0x080074c8   0x00000003   Data   RW           49    .data.s_ohm         main.o
    0x20000073   0x080074cb   0x00000001   Data   RW          278    .data.uwTickFreq    stm32l0xx_hal.o
    0x20000074   0x080074cc   0x00000004   Data   RW          277    .data.uwTickPrio    stm32l0xx_hal.o
    0x20000078        -       0x00000060   Zero   RW         1675    .bss                c_p.l(libspace.o)
    0x200000d8        -       0x000000c8   Zero   RW           60    .bss.ADC_samples    main.o
    0x200001a0        -       0x00000004   Zero   RW           61    .bss.R              main.o
    0x200001a4        -       0x00000019   Zero   RW           62    .bss.buffr          main.o
    0x200001bd        -       0x00000001   Zero   RW           40    .bss.diap           main.o
    0x200001be   0x080074d0   0x00000002   PAD
    0x200001c0        -       0x0000005c   Zero   RW           68    .bss.hadc           main.o
    0x2000021c        -       0x00000014   Zero   RW           70    .bss.hdac           main.o
    0x20000230        -       0x00000040   Zero   RW           69    .bss.htim2          main.o
    0x20000270        -       0x00000040   Zero   RW           67    .bss.htim3          main.o
    0x200002b0        -       0x00000040   Zero   RW           59    .bss.htim7          main.o
    0x200002f0        -       0x00000088   Zero   RW           56    .bss.huart1         main.o
    0x20000378        -       0x00000088   Zero   RW           65    .bss.huart2         main.o
    0x20000400        -       0x00000004   Zero   RW           64    .bss.mat_vnt        main.o
    0x20000404        -       0x00000019   Zero   RW           66    .bss.rToNextion     main.o
    0x2000041d        -       0x00000001   Zero   RW           58    .bss.rx_data        main.o
    0x2000041e        -       0x00000001   Zero   RW           52    .bss.sample_count   main.o
    0x2000041f        -       0x00000001   Zero   RW           55    .bss.tick_on        main.o
    0x20000420        -       0x00000004   Zero   RW           54    .bss.txt_len        main.o
    0x20000424        -       0x00000014   Zero   RW           51    .bss.uart_rx        main.o
    0x20000438        -       0x00000004   Zero   RW          279    .bss.uwTick         stm32l0xx_hal.o
    0x2000043c   0x080074d0   0x00000004   PAD
    0x20000440        -       0x00000200   Zero   RW            2    HEAP                startup_stm32l073xx.o
    0x20000640        -       0x00000400   Zero   RW            1    STACK               startup_stm32l073xx.o


==============================================================================

Image component sizes


      Code (inc. data)   RO Data    RW Data    ZI Data      Debug   Object Name

      2758        308         65        111        862      14452   main.o
        56         26        192          0       1536        644   startup_stm32l073xx.o
       196         20          0          5          4       6657   stm32l0xx_hal.o
      1862         36          0          0          0      10561   stm32l0xx_hal_adc.o
       310          0          0          0          0       4943   stm32l0xx_hal_adc_ex.o
       322         24          0          0          0       6456   stm32l0xx_hal_cortex.o
       230          4          0          0          0       5197   stm32l0xx_hal_dac.o
       288          0          0          0          0       6637   stm32l0xx_hal_dac_ex.o
       246          0          0          0          0       6277   stm32l0xx_hal_dma.o
       828         40          0          0          0       4742   stm32l0xx_hal_gpio.o
       600         48          0          0          0       9923   stm32l0xx_hal_msp.o
      3280        168          0          0          0       8901   stm32l0xx_hal_rcc.o
       876         24          0          0          0       7976   stm32l0xx_hal_rcc_ex.o
      1724         28          0          0          0      35129   stm32l0xx_hal_tim.o
       204          0          0          0          0       4172   stm32l0xx_hal_tim_ex.o
      5870        264          0          0          0      35287   stm32l0xx_hal_uart.o
         8          0          0          0          0       8255   stm32l0xx_hal_uart_ex.o
        80         12          0          0          0       1092   stm32l0xx_it.o
         2          0         33          4          0       1933   system_stm32l0xx.o

    ----------------------------------------------------------------------
     19752       1002        324        120       2408     179234   Object Totals
         0          0         32          0          0          0   (incl. Generated)
        12          0          2          0          6          0   (incl. Padding)

    ----------------------------------------------------------------------

      Code (inc. data)   RO Data    RW Data    ZI Data      Debug   Library Member Name

         8          0          0          0          0         68   __main.o
       392          6         17          0          0         76   __printf_flags_ss_wp.o
        14          0          0          0          0         60   __printf_wp.o
         0          0          0          0          0          0   __rtentry.o
        12          0          0          0          0          0   __rtentry2.o
         6          0          0          0          0          0   __rtentry4.o
        86         10          0          0          0          0   __scatter.o
        26          0          0          0          0          0   __scatter_copy.o
        28          0          0          0          0          0   __scatter_zi.o
        66          0          0          0          0         76   _c16rtomb.o
        10          0          0          0          0          0   _printf_a.o
        10          0          0          0          0          0   _printf_c.o
        46          0          0          0          0        100   _printf_char.o
        48          6          0          0          0         88   _printf_char_common.o
        38          0          0          0          0         60   _printf_charcount.o
        10          0          0          0          0          0   _printf_d.o
       108         18          0          0          0         76   _printf_dec.o
        10          0          0          0          0          0   _printf_e.o
        10          0          0          0          0          0   _printf_f.o
      1044         12          0          0          0        116   _printf_fp_dec.o
       728         10         38          0          0         84   _printf_fp_hex.o
       136         16          0          0          0         76   _printf_fp_infnan.o
        10          0          0          0          0          0   _printf_g.o
       152          4         40          0          0        148   _printf_hex_int_ll_ptr.o
        10          0          0          0          0          0   _printf_i.o
       176          0          0          0          0         84   _printf_intcommon.o
        10          0          0          0          0          0   _printf_l.o
        10          0          0          0          0          0   _printf_lc.o
        10          0          0          0          0          0   _printf_ll.o
        10          0          0          0          0          0   _printf_lld.o
        10          0          0          0          0          0   _printf_lli.o
        10          0          0          0          0          0   _printf_llo.o
        10          0          0          0          0          0   _printf_llu.o
        10          0          0          0          0          0   _printf_llx.o
       112         18          0          0          0         76   _printf_longlong_dec.o
        10          0          0          0          0          0   _printf_ls.o
        10          0          0          0          0          0   _printf_n.o
        10          0          0          0          0          0   _printf_o.o
       112         10          0          0          0        112   _printf_oct_int_ll.o
        10          0          0          0          0          0   _printf_p.o
        78          0          0          0          0        100   _printf_pad.o
         2          0          0          0          0          0   _printf_percent.o
         4          0          0          0          0          0   _printf_percent_end.o
        10          0          0          0          0          0   _printf_s.o
        82          0          0          0          0         72   _printf_str.o
        36          0          0          0          0         76   _printf_truncate.o
        10          0          0          0          0          0   _printf_u.o
        46          0          0          0          0        100   _printf_wchar.o
       188          6          8          0          0         80   _printf_wctomb.o
        10          0          0          0          0          0   _printf_x.o
        16          0          0          0          0         60   _snputc.o
        10          0          0          0          0         60   _sputc.o
       364          4          0          0          0         92   aeabi_sdiv.o
       216          6        148          0          0         80   bigflt0.o
      1456         30          0          0          0        336   btod.o
        16          0          0          0          0         68   exit.o
         6          0          0          0          0        136   heapauxi.o
         0          0          0          0          0          0   indicate_semi.o
        44         10        272          0          0         76   lc_ctype_c.o
        44         10         28          0          0         76   lc_numeric_c.o
         2          0          0          0          0          0   libinit.o
        30          0          0          0          0          0   libinit2.o
         2          0          0          0          0          0   libshutdown.o
         2          0          0          0          0          0   libshutdown2.o
         8          4          0          0         96         68   libspace.o
       272          0          0          0          0         88   lludiv.o
       122          0          0          0          0         72   lludiv10.o
        16          4          0          0          0         76   rt_ctype_table.o
         8          4          0          0          0         68   rt_locale_intlibspace.o
        64          0          0          0          0        108   rt_memclr.o
       186          0          0          0          0        144   rt_memcpy.o
         2          0          0          0          0          0   rtexit.o
        10          0          0          0          0          0   rtexit2.o
        40          0          0          0          0         60   rtudiv10.o
        64          4          0          0          0         84   snprintf.o
        44          4          0          0          0         84   sprintf.o
       136          4          0          0          0         72   strcmp.o
        76          6          0          0          0         72   strcpy.o
        12          4          0          0          0         60   sys_exit.o
        62          0          0          0          0         80   sys_stackheap_outer.o
         2          0          0          0          0         68   use_no_semi.o
        46          0          0          0          0         60   cmpret.o
        84          4          0          0          0         60   f2d.o
       348          8          0          0          0        160   faddsub.o
        26          0          0          0          0         68   fcmp.o
       100          4          0          0          0         68   fcmpin.o
       352         10         64          0          0         92   fdiv.o
        94          0          0          0          0         92   fflti.o
        84          4          0          0          0         76   flef.o
       176          4          0          0          0         80   fmul.o
        16          6          0          0          0         68   fnan2.o
       128          6          0          0          0         68   frnd.o
        16          4          0          0          0         76   printf1.o
        16          4          0          0          0         76   printf2.o
        94          0          0          0          0         68   retnan.o
         0          0          0          0          0          0   usenofp.o
        44          4          0          0          0         60   fpclassify.o
       116          0          0          0          0         72   roundf.o

    ----------------------------------------------------------------------
      9092        268        616          0         96       5160   Library Totals
        26          0          1          0          0          0   (incl. Padding)

    ----------------------------------------------------------------------

      Code (inc. data)   RO Data    RW Data    ZI Data      Debug   Library Name

      7326        210        551          0         96       3916   c_p.l
      1580         54         64          0          0       1112   fz_ps.l
       160          4          0          0          0        132   m_ps.l

    ----------------------------------------------------------------------
      9092        268        616          0         96       5160   Library Totals

    ----------------------------------------------------------------------

==============================================================================


      Code (inc. data)   RO Data    RW Data    ZI Data      Debug   

     28844       1270        940        120       2504     181470   Grand Totals
     28844       1270        940        120       2504     181470   ELF Image Totals
     28844       1270        940        120          0          0   ROM Totals

==============================================================================

    Total RO  Size (Code + RO Data)                29784 (  29.09kB)
    Total RW  Size (RW Data + ZI Data)              2624 (   2.56kB)
    Total ROM Size (Code + RO Data + RW Data)      29904 (  29.20kB)

==============================================================================

